Archive member included to satisfy reference by file (symbol)

/Users/sanyv/code/Projects/code/AC6/H7-newlib/Drivers/libarm_cortexM7lfsp_math.a(arm_fill_f32.o)
                              Drivers/Sensor/UKF_lib.o (arm_fill_f32)
/Users/sanyv/code/Projects/code/AC6/H7-newlib/Drivers/libarm_cortexM7lfsp_math.a(arm_std_f32.o)
                              Drivers/Sensor/IMU_INS.o (arm_std_f32)
/Users/sanyv/code/Projects/code/AC6/H7-newlib/Drivers/libarm_cortexM7lfsp_math.a(arm_mat_trans_f32.o)
                              Drivers/Sensor/UKF_lib.o (arm_mat_trans_f32)
/Users/sanyv/code/Projects/code/AC6/H7-newlib/Drivers/libarm_cortexM7lfsp_math.a(arm_mat_mult_f32.o)
                              Drivers/Sensor/UKF_lib.o (arm_mat_mult_f32)
/Users/sanyv/code/Projects/code/AC6/H7-newlib/Drivers/libarm_cortexM7lfsp_math.a(arm_mat_init_f32.o)
                              Drivers/Sensor/UKF_lib.o (arm_mat_init_f32)
/Users/sanyv/code/AC6/SystemWorkbench.app/Contents/Eclipse/plugins/fr.ac6.mcu.externaltools.arm-none.macos64_1.16.0.201807130628/tools/compiler/bin/../lib/gcc/arm-none-eabi/7.2.1/../../../../arm-none-eabi/lib/thumb/v7e-m/fpv5/hard/libm.a(lib_a-sf_cos.o)
                              Drivers/Sensor/IMU_INS.o (cosf)
/Users/sanyv/code/AC6/SystemWorkbench.app/Contents/Eclipse/plugins/fr.ac6.mcu.externaltools.arm-none.macos64_1.16.0.201807130628/tools/compiler/bin/../lib/gcc/arm-none-eabi/7.2.1/../../../../arm-none-eabi/lib/thumb/v7e-m/fpv5/hard/libm.a(lib_a-sf_pow.o)
                              Drivers/Sensor/UKF_lib.o (powf)
/Users/sanyv/code/AC6/SystemWorkbench.app/Contents/Eclipse/plugins/fr.ac6.mcu.externaltools.arm-none.macos64_1.16.0.201807130628/tools/compiler/bin/../lib/gcc/arm-none-eabi/7.2.1/../../../../arm-none-eabi/lib/thumb/v7e-m/fpv5/hard/libm.a(lib_a-sf_pow_log2_data.o)
                              /Users/sanyv/code/AC6/SystemWorkbench.app/Contents/Eclipse/plugins/fr.ac6.mcu.externaltools.arm-none.macos64_1.16.0.201807130628/tools/compiler/bin/../lib/gcc/arm-none-eabi/7.2.1/../../../../arm-none-eabi/lib/thumb/v7e-m/fpv5/hard/libm.a(lib_a-sf_pow.o) (__powf_log2_data)
/Users/sanyv/code/AC6/SystemWorkbench.app/Contents/Eclipse/plugins/fr.ac6.mcu.externaltools.arm-none.macos64_1.16.0.201807130628/tools/compiler/bin/../lib/gcc/arm-none-eabi/7.2.1/../../../../arm-none-eabi/lib/thumb/v7e-m/fpv5/hard/libm.a(lib_a-sf_sin.o)
                              Drivers/Sensor/IMU_INS.o (sinf)
/Users/sanyv/code/AC6/SystemWorkbench.app/Contents/Eclipse/plugins/fr.ac6.mcu.externaltools.arm-none.macos64_1.16.0.201807130628/tools/compiler/bin/../lib/gcc/arm-none-eabi/7.2.1/../../../../arm-none-eabi/lib/thumb/v7e-m/fpv5/hard/libm.a(lib_a-w_pow.o)
                              Drivers/Sensor/ms5611_spi.o (pow)
/Users/sanyv/code/AC6/SystemWorkbench.app/Contents/Eclipse/plugins/fr.ac6.mcu.externaltools.arm-none.macos64_1.16.0.201807130628/tools/compiler/bin/../lib/gcc/arm-none-eabi/7.2.1/../../../../arm-none-eabi/lib/thumb/v7e-m/fpv5/hard/libm.a(lib_a-wf_asin.o)
                              Drivers/Sensor/UKF_lib.o (asinf)
/Users/sanyv/code/AC6/SystemWorkbench.app/Contents/Eclipse/plugins/fr.ac6.mcu.externaltools.arm-none.macos64_1.16.0.201807130628/tools/compiler/bin/../lib/gcc/arm-none-eabi/7.2.1/../../../../arm-none-eabi/lib/thumb/v7e-m/fpv5/hard/libm.a(lib_a-wf_atan2.o)
                              Drivers/Sensor/IMU_INS.o (atan2f)
/Users/sanyv/code/AC6/SystemWorkbench.app/Contents/Eclipse/plugins/fr.ac6.mcu.externaltools.arm-none.macos64_1.16.0.201807130628/tools/compiler/bin/../lib/gcc/arm-none-eabi/7.2.1/../../../../arm-none-eabi/lib/thumb/v7e-m/fpv5/hard/libm.a(lib_a-wf_sqrt.o)
                              Drivers/Sensor/IMU_INS.o (sqrtf)
/Users/sanyv/code/AC6/SystemWorkbench.app/Contents/Eclipse/plugins/fr.ac6.mcu.externaltools.arm-none.macos64_1.16.0.201807130628/tools/compiler/bin/../lib/gcc/arm-none-eabi/7.2.1/../../../../arm-none-eabi/lib/thumb/v7e-m/fpv5/hard/libm.a(lib_a-e_pow.o)
                              /Users/sanyv/code/AC6/SystemWorkbench.app/Contents/Eclipse/plugins/fr.ac6.mcu.externaltools.arm-none.macos64_1.16.0.201807130628/tools/compiler/bin/../lib/gcc/arm-none-eabi/7.2.1/../../../../arm-none-eabi/lib/thumb/v7e-m/fpv5/hard/libm.a(lib_a-w_pow.o) (__ieee754_pow)
/Users/sanyv/code/AC6/SystemWorkbench.app/Contents/Eclipse/plugins/fr.ac6.mcu.externaltools.arm-none.macos64_1.16.0.201807130628/tools/compiler/bin/../lib/gcc/arm-none-eabi/7.2.1/../../../../arm-none-eabi/lib/thumb/v7e-m/fpv5/hard/libm.a(lib_a-e_sqrt.o)
                              /Users/sanyv/code/AC6/SystemWorkbench.app/Contents/Eclipse/plugins/fr.ac6.mcu.externaltools.arm-none.macos64_1.16.0.201807130628/tools/compiler/bin/../lib/gcc/arm-none-eabi/7.2.1/../../../../arm-none-eabi/lib/thumb/v7e-m/fpv5/hard/libm.a(lib_a-e_pow.o) (__ieee754_sqrt)
[...]
Memory Configuration

Name             Origin             Length             Attributes
//DTCMRAM        0x0000000020000000 0x0000000000020000 xrw
RAM_D1           0x0000000024000000 0x0000000000080000 xrw
RAM_D2           0x0000000030000000 0x0000000000048000 xrw
RAM_D3           0x0000000038000000 0x0000000000010000 xrw
//ITCMRAM        0x0000000000000000 0x0000000000010000 xrw
FLASH            0x0000000008000000 0x0000000000200000 xr
*default*        0x0000000000000000 0xffffffffffffffff

Linker script and memory map

LOAD /Users/sanyv/code/AC6/SystemWorkbench.app/Contents/Eclipse/plugins/fr.ac6.mcu.externaltools.arm-none.macos64_1.16.0.201807130628/tools/compiler/bin/../lib/gcc/arm-none-eabi/7.2.1/thumb/v7e-m/fpv5/hard/crti.o
LOAD /Users/sanyv/code/AC6/SystemWorkbench.app/Contents/Eclipse/plugins/fr.ac6.mcu.externaltools.arm-none.macos64_1.16.0.201807130628/tools/compiler/bin/../lib/gcc/arm-none-eabi/7.2.1/thumb/v7e-m/fpv5/hard/crtbegin.o
LOAD /Users/sanyv/code/AC6/SystemWorkbench.app/Contents/Eclipse/plugins/fr.ac6.mcu.externaltools.arm-none.macos64_1.16.0.201807130628/tools/compiler/bin/../lib/gcc/arm-none-eabi/7.2.1/../../../../arm-none-eabi/lib/thumb/v7e-m/fpv5/hard/crt0.o
LOAD Drivers/STM32H7xx_HAL_Driver/Src/stm32h7xx_hal.o
LOAD Drivers/STM32H7xx_HAL_Driver/Src/stm32h7xx_hal_adc.o
LOAD Drivers/STM32H7xx_HAL_Driver/Src/stm32h7xx_hal_adc_ex.o
LOAD Drivers/STM32H7xx_HAL_Driver/Src/stm32h7xx_hal_cortex.o
LOAD Drivers/STM32H7xx_HAL_Driver/Src/stm32h7xx_hal_dma.o
LOAD Drivers/STM32H7xx_HAL_Driver/Src/stm32h7xx_hal_dma_ex.o
LOAD Drivers/STM32H7xx_HAL_Driver/Src/stm32h7xx_hal_flash.o
LOAD Drivers/STM32H7xx_HAL_Driver/Src/stm32h7xx_hal_flash_ex.o
LOAD Drivers/STM32H7xx_HAL_Driver/Src/stm32h7xx_hal_gpio.o
LOAD Drivers/STM32H7xx_HAL_Driver/Src/stm32h7xx_hal_hsem.o
LOAD Drivers/STM32H7xx_HAL_Driver/Src/stm32h7xx_hal_i2c.o
LOAD Drivers/STM32H7xx_HAL_Driver/Src/stm32h7xx_hal_i2c_ex.o
LOAD Drivers/STM32H7xx_HAL_Driver/Src/stm32h7xx_hal_mdma.o
LOAD Drivers/STM32H7xx_HAL_Driver/Src/stm32h7xx_hal_pwr.o
LOAD Drivers/STM32H7xx_HAL_Driver/Src/stm32h7xx_hal_pwr_ex.o
LOAD Drivers/STM32H7xx_HAL_Driver/Src/stm32h7xx_hal_rcc.o
LOAD Drivers/STM32H7xx_HAL_Driver/Src/stm32h7xx_hal_rcc_ex.o
LOAD Drivers/STM32H7xx_HAL_Driver/Src/stm32h7xx_hal_spi.o
LOAD Drivers/STM32H7xx_HAL_Driver/Src/stm32h7xx_hal_spi_ex.o
LOAD Drivers/STM32H7xx_HAL_Driver/Src/stm32h7xx_hal_tim.o
LOAD Drivers/STM32H7xx_HAL_Driver/Src/stm32h7xx_hal_tim_ex.o
LOAD Drivers/STM32H7xx_HAL_Driver/Src/stm32h7xx_hal_uart.o
LOAD Drivers/STM32H7xx_HAL_Driver/Src/stm32h7xx_hal_uart_ex.o
LOAD Drivers/Sensor/ADC.o
LOAD Drivers/Sensor/IMU_INS.o
LOAD Drivers/Sensor/MPU6500.o
LOAD Drivers/Sensor/NAV_POINTS.o
LOAD Drivers/Sensor/PID.o
LOAD Drivers/Sensor/PWM_PPM.o
LOAD Drivers/Sensor/UKF_lib.o
LOAD Drivers/Sensor/hmc5983_spi.o
LOAD Drivers/Sensor/ms5611_spi.o
LOAD Drivers/Sensor/ublox.o
LOAD Drivers/System/FreeRTOS-openocd.o
LOAD Drivers/System/cli.o
LOAD Drivers/System/comm.o
LOAD Drivers/System/drv_led.o
LOAD Drivers/System/drv_uart1.o
LOAD Drivers/System/drv_uart2.o
LOAD Middlewares/Third_Party/FreeRTOS/Source/CMSIS_RTOS/cmsis_os.o
LOAD Middlewares/Third_Party/FreeRTOS/Source/croutine.o
LOAD Middlewares/Third_Party/FreeRTOS/Source/event_groups.o
LOAD Middlewares/Third_Party/FreeRTOS/Source/list.o
LOAD Middlewares/Third_Party/FreeRTOS/Source/queue.o
LOAD Middlewares/Third_Party/FreeRTOS/Source/tasks.o
LOAD Middlewares/Third_Party/FreeRTOS/Source/timers.o
LOAD Middlewares/Third_Party/FreeRTOS/Source/portable/GCC/ARM_CM7/r0p1/port.o
LOAD Middlewares/Third_Party/FreeRTOS/Source/portable/MemMang/heap_4.o
LOAD Src/freertos.o
LOAD Src/main.o
LOAD Src/stm32h7xx_hal_msp.o
LOAD Src/stm32h7xx_hal_timebase_TIM.o
LOAD Src/stm32h7xx_it.o
LOAD Src/system_stm32h7xx.o
LOAD startup/startup_stm32h743xx.o
LOAD /Users/sanyv/code/Projects/code/AC6/H7-newlib/Drivers/libarm_cortexM7lfsp_math.a
LOAD /Users/sanyv/code/AC6/SystemWorkbench.app/Contents/Eclipse/plugins/fr.ac6.mcu.externaltools.arm-none.macos64_1.16.0.201807130628/tools/compiler/bin/../lib/gcc/arm-none-eabi/7.2.1/../../../../arm-none-eabi/lib/thumb/v7e-m/fpv5/hard/libm.a
START GROUP
LOAD /Users/sanyv/code/AC6/SystemWorkbench.app/Contents/Eclipse/plugins/fr.ac6.mcu.externaltools.arm-none.macos64_1.16.0.201807130628/tools/compiler/bin/../lib/gcc/arm-none-eabi/7.2.1/thumb/v7e-m/fpv5/hard/libgcc.a
LOAD /Users/sanyv/code/AC6/SystemWorkbench.app/Contents/Eclipse/plugins/fr.ac6.mcu.externaltools.arm-none.macos64_1.16.0.201807130628/tools/compiler/bin/../lib/gcc/arm-none-eabi/7.2.1/../../../../arm-none-eabi/lib/thumb/v7e-m/fpv5/hard/libc.a
END GROUP
START GROUP
LOAD /Users/sanyv/code/AC6/SystemWorkbench.app/Contents/Eclipse/plugins/fr.ac6.mcu.externaltools.arm-none.macos64_1.16.0.201807130628/tools/compiler/bin/../lib/gcc/arm-none-eabi/7.2.1/thumb/v7e-m/fpv5/hard/libgcc.a
LOAD /Users/sanyv/code/AC6/SystemWorkbench.app/Contents/Eclipse/plugins/fr.ac6.mcu.externaltools.arm-none.macos64_1.16.0.201807130628/tools/compiler/bin/../lib/gcc/arm-none-eabi/7.2.1/../../../../arm-none-eabi/lib/thumb/v7e-m/fpv5/hard/libc.a
LOAD /Users/sanyv/code/AC6/SystemWorkbench.app/Contents/Eclipse/plugins/fr.ac6.mcu.externaltools.arm-none.macos64_1.16.0.201807130628/tools/compiler/bin/../lib/gcc/arm-none-eabi/7.2.1/../../../../arm-none-eabi/lib/thumb/v7e-m/fpv5/hard/libnosys.a
END GROUP
LOAD /Users/sanyv/code/AC6/SystemWorkbench.app/Contents/Eclipse/plugins/fr.ac6.mcu.externaltools.arm-none.macos64_1.16.0.201807130628/tools/compiler/bin/../lib/gcc/arm-none-eabi/7.2.1/thumb/v7e-m/fpv5/hard/crtend.o
LOAD /Users/sanyv/code/AC6/SystemWorkbench.app/Contents/Eclipse/plugins/fr.ac6.mcu.externaltools.arm-none.macos64_1.16.0.201807130628/tools/compiler/bin/../lib/gcc/arm-none-eabi/7.2.1/thumb/v7e-m/fpv5/hard/crtn.o
                0x0000000030048000                _estack = 0x30048000
                0x0000000000002000                _Min_Heap_Size = 0x2000
                0x0000000000008000                _Min_Stack_Size = 0x8000

.isr_vector     0x0000000008000000      0x298
                0x0000000008000000                . = ALIGN (0x4)
 *(.isr_vector)
 .isr_vector    0x0000000008000000      0x298 startup/startup_stm32h743xx.o
                0x0000000008000000                g_pfnVectors
                0x0000000008000298                . = ALIGN (0x4)

.text           0x00000000080002c0    0x21f90
                0x00000000080002c0                . = ALIGN (0x4)
 *(.text)
 .text          0x00000000080002c0       0x40 /Users/sanyv/code/AC6/SystemWorkbench.app/Contents/Eclipse/plugins/fr.ac6.mcu.externaltools.arm-none.macos64_1.16.0.201807130628/tools/compiler/bin/../lib/gcc/arm-none-eabi/7.2.1/thumb/v7e-m/fpv5/hard/crtbegin.o
 .text          0x0000000008000300      0x50c Drivers/STM32H7xx_HAL_Driver/Src/stm32h7xx_hal.o
                0x0000000008000304                HAL_MspDeInit
                0x0000000008000308                HAL_DeInit
                0x00000000080003a4                HAL_Init
                0x00000000080003cc                HAL_IncTick
                0x00000000080003e4                HAL_GetTick
                0x00000000080003f0                HAL_GetTickPrio
                0x00000000080003fc                HAL_SetTickFreq
                0x000000000800041c                HAL_GetTickFreq
                0x0000000008000428                HAL_Delay
                0x000000000800046c                HAL_GetHalVersion
                0x0000000008000474                HAL_GetREVID
                0x0000000008000480                HAL_GetDEVID
                0x0000000008000490                HAL_SYSCFG_VREFBUF_VoltageScalingConfig
                0x00000000080004a4                HAL_SYSCFG_VREFBUF_HighImpedanceConfig
                0x00000000080004b8                HAL_SYSCFG_VREFBUF_TrimmingConfig
                0x00000000080004cc                HAL_SYSCFG_EnableVREFBUF
                0x0000000008000500                HAL_SYSCFG_DisableVREFBUF
                0x0000000008000510                HAL_SYSCFG_ETHInterfaceSelect
                0x0000000008000524                HAL_SYSCFG_AnalogSwitchConfig
                0x0000000008000538                HAL_SYSCFG_EnableBOOST
                0x0000000008000548                HAL_SYSCFG_DisableBOOST
                0x0000000008000558                HAL_SYSCFG_CM7BootAddConfig
                0x000000000800059c                HAL_EnableCompensationCell
                0x00000000080005ac                HAL_DisableCompensationCell
                0x00000000080005bc                HAL_SYSCFG_EnableIOSpeedOptimize
                0x00000000080005cc                HAL_SYSCFG_DisableIOSpeedOptimize
                0x00000000080005dc                HAL_SYSCFG_CompensationCodeSelect
                0x00000000080005f0                HAL_SYSCFG_CompensationCodeConfig
                0x0000000008000608                HAL_DBGMCU_EnableDBGSleepMode
                0x0000000008000618                HAL_DBGMCU_DisableDBGSleepMode
                0x0000000008000628                HAL_DBGMCU_EnableDBGStopMode
                0x0000000008000638                HAL_DBGMCU_DisableDBGStopMode
                0x0000000008000648                HAL_DBGMCU_EnableDBGStandbyMode
                0x0000000008000658                HAL_DBGMCU_DisableDBGStandbyMode
                0x0000000008000668                HAL_EnableDomain3DBGStopMode
                0x0000000008000678                HAL_DisableDomain3DBGStopMode
                0x0000000008000688                HAL_EnableDomain3DBGStandbyMode
                0x0000000008000698                HAL_DisableDomain3DBGStandbyMode
                0x00000000080006a8                HAL_SetFMCMemorySwappingConfig
                0x00000000080006bc                HAL_GetFMCMemorySwappingConfig
                0x00000000080006cc                HAL_EXTI_EdgeConfig
                0x000000000800070c                HAL_EXTI_GenerateSWInterrupt
                0x0000000008000730                HAL_EXTI_D1_ClearFlag
                0x000000000800074c                HAL_EXTI_D1_EventInputConfig
                0x00000000080007b8                HAL_EXTI_D3_EventInputConfig
 .text          0x000000000800080c     0x17cc Drivers/STM32H7xx_HAL_Driver/Src/stm32h7xx_hal_adc.o
                0x0000000008000810                HAL_ADC_Init
                0x0000000008000acc                HAL_ADC_PollForConversion
                0x0000000008000bf0                HAL_ADC_PollForEvent
                0x0000000008000cb4                HAL_ADC_GetValue
                0x0000000008000cbc                HAL_ADC_ConvCpltCallback
                0x0000000008000cc0                HAL_ADC_ConvHalfCpltCallback
                0x0000000008000cc4                ADC_DMAHalfConvCplt
                0x0000000008000cd0                HAL_ADC_LevelOutOfWindowCallback
                0x0000000008000cd4                HAL_ADC_ErrorCallback
                0x0000000008000cd8                HAL_ADC_IRQHandler
                0x0000000008000fac                ADC_DMAConvCplt
                0x0000000008001004                ADC_DMAError
                0x0000000008001020                HAL_ADC_ConfigChannel
                0x00000000080015c4                HAL_ADC_AnalogWDGConfig
                0x000000000800176c                HAL_ADC_GetState
                0x0000000008001770                HAL_ADC_GetError
                0x0000000008001774                ADC_ConversionStop
                0x0000000008001854                ADC_Enable
                0x00000000080018cc                HAL_ADC_Start
                0x00000000080019c8                HAL_ADC_Start_IT
                0x0000000008001b34                HAL_ADC_Start_DMA
                0x0000000008001c44                ADC_Disable
                0x0000000008001cb4                HAL_ADC_DeInit
                0x0000000008001eb8                HAL_ADC_Stop
                0x0000000008001f00                HAL_ADC_Stop_IT
                0x0000000008001f54                HAL_ADC_Stop_DMA
 .text          0x0000000008001fd8     0x11b4 Drivers/STM32H7xx_HAL_Driver/Src/stm32h7xx_hal_adc_ex.o
                0x0000000008001fd8                HAL_ADCEx_Calibration_Start
                0x0000000008002070                HAL_ADCEx_Calibration_GetValue
                0x0000000008002094                HAL_ADCEx_LinearCalibration_GetValue
                0x00000000080020dc                HAL_ADCEx_Calibration_SetValue
                0x000000000800216c                HAL_ADCEx_LinearCalibration_SetValue
                0x0000000008002228                HAL_ADCEx_InjectedStart
                0x0000000008002324                HAL_ADCEx_InjectedStop
                0x0000000008002378                HAL_ADCEx_InjectedPollForConversion
                0x0000000008002484                HAL_ADCEx_InjectedStart_IT
                0x00000000080025b4                HAL_ADCEx_InjectedStop_IT
                0x0000000008002610                HAL_ADCEx_MultiModeStart_DMA
                0x00000000080026dc                HAL_ADCEx_MultiModeStop_DMA
                0x00000000080027c0                HAL_ADCEx_MultiModeGetValue
                0x00000000080027cc                HAL_ADCEx_InjectedGetValue
                0x00000000080027f4                HAL_ADCEx_InjectedConvCpltCallback
                0x00000000080027f8                HAL_ADCEx_InjectedQueueOverflowCallback
                0x00000000080027fc                HAL_ADCEx_LevelOutOfWindow2Callback
                0x0000000008002800                HAL_ADCEx_LevelOutOfWindow3Callback
                0x0000000008002804                HAL_ADCEx_EndOfSamplingCallback
                0x0000000008002808                HAL_ADCEx_RegularStop
                0x0000000008002864                HAL_ADCEx_RegularStop_IT
                0x00000000080028c8                HAL_ADCEx_RegularStop_DMA
                0x0000000008002968                HAL_ADCEx_RegularMultiModeStop_DMA
                0x0000000008002a60                HAL_ADCEx_InjectedConfigChannel
                0x0000000008003020                HAL_ADCEx_MultiModeConfigChannel
                0x0000000008003110                HAL_ADCEx_EnableInjectedQueue
                0x0000000008003134                HAL_ADCEx_DisableInjectedQueue
                0x000000000800314c                HAL_ADCEx_DisableVoltageRegulator
                0x000000000800316c                HAL_ADCEx_EnterADCDeepPowerDownMode
 .text          0x000000000800318c      0x294 Drivers/STM32H7xx_HAL_Driver/Src/stm32h7xx_hal_cortex.o
                0x000000000800318c                HAL_NVIC_SetPriorityGrouping
                0x00000000080031b4                HAL_NVIC_SetPriority
                0x0000000008003220                HAL_NVIC_EnableIRQ
                0x000000000800323c                HAL_NVIC_DisableIRQ
                0x0000000008003264                HAL_NVIC_SystemReset
                0x0000000008003288                HAL_SYSTICK_Config
                0x00000000080032b8                HAL_MPU_ConfigRegion
                0x0000000008003308                HAL_NVIC_GetPriorityGrouping
                0x0000000008003318                HAL_NVIC_GetPriority
                0x0000000008003370                HAL_NVIC_SetPendingIRQ
                0x0000000008003390                HAL_NVIC_GetPendingIRQ
                0x00000000080033b4                HAL_NVIC_ClearPendingIRQ
                0x00000000080033d4                HAL_NVIC_GetActive
                0x00000000080033f8                HAL_SYSTICK_CLKSourceConfig
                0x0000000008003410                HAL_SYSTICK_Callback
                0x0000000008003414                HAL_SYSTICK_IRQHandler
                0x000000000800341c                HAL_GetCurrentCPUID
 .text          0x0000000008003420      0xce4 Drivers/STM32H7xx_HAL_Driver/Src/stm32h7xx_hal_dma.o
                0x000000000800351c                HAL_DMA_Init
                0x000000000800378c                HAL_DMA_DeInit
                0x00000000080038a0                HAL_DMA_Start
                0x00000000080038fc                HAL_DMA_Start_IT
                0x00000000080039bc                HAL_DMA_Abort
                0x0000000008003a98                HAL_DMA_Abort_IT
                0x0000000008003b34                HAL_DMA_PollForTransfer
                0x0000000008003d68                HAL_DMA_IRQHandler
                0x000000000800401c                HAL_DMA_RegisterCallback
                0x0000000008004084                HAL_DMA_UnRegisterCallback
                0x00000000080040f8                HAL_DMA_GetState
                0x0000000008004100                HAL_DMA_GetError
 .text          0x0000000008004104      0x440 Drivers/STM32H7xx_HAL_Driver/Src/stm32h7xx_hal_gpio.o
                0x0000000008004104                HAL_GPIO_Init
                0x0000000008004348                HAL_GPIO_DeInit
                0x00000000080044dc                HAL_GPIO_ReadPin
                0x00000000080044e8                HAL_GPIO_WritePin
                0x00000000080044f4                HAL_GPIO_TogglePin
                0x00000000080044fc                HAL_GPIO_LockPin
                0x0000000008004528                HAL_GPIO_EXTI_Callback
                0x000000000800452c                HAL_GPIO_EXTI_IRQHandler
 .text          0x0000000008004544      0xb28 Drivers/STM32H7xx_HAL_Driver/Src/stm32h7xx_hal_rcc.o
                0x0000000008004544                HAL_RCC_DeInit
                0x0000000008004584                HAL_RCC_OscConfig
                0x0000000008004a90                HAL_RCC_MCOConfig
                0x0000000008004b30                HAL_RCC_EnableCSS
                0x0000000008004b40                HAL_RCC_GetSysClockFreq
                0x0000000008004c50                HAL_RCC_ClockConfig
                0x0000000008004e08                HAL_RCC_GetHCLKFreq
                0x0000000008004e3c                HAL_RCC_GetPCLK1Freq
                0x0000000008004e68                HAL_RCC_GetPCLK2Freq
                0x0000000008004e94                HAL_RCC_GetOscConfig
                0x0000000008004ff4                HAL_RCC_GetClockConfig
                0x000000000800504c                HAL_RCC_CSSCallback
                0x0000000008005050                HAL_RCC_NMI_IRQHandler
 .text          0x000000000800506c     0x1748 Drivers/STM32H7xx_HAL_Driver/Src/stm32h7xx_hal_rcc_ex.o
                0x00000000080051dc                HAL_RCCEx_PeriphCLKConfig
                0x0000000008005dc8                HAL_RCCEx_GetPeriphCLKConfig
                0x0000000008006014                HAL_RCCEx_GetD1PCLK1Freq
                0x0000000008006040                HAL_RCCEx_GetD3PCLK1Freq
                0x000000000800606c                HAL_RCCEx_GetPLL2ClockFreq
                0x0000000008006190                HAL_RCCEx_GetPLL3ClockFreq
                0x00000000080062b4                HAL_RCCEx_GetPLL1ClockFreq
                0x00000000080063d8                HAL_RCCEx_GetPeriphCLKFreq
                0x0000000008006538                HAL_RCCEx_GetD1SysClockFreq
                0x000000000800656c                HAL_RCCEx_EnableLSECSS
                0x000000000800657c                HAL_RCCEx_DisableLSECSS
                0x0000000008006594                HAL_RCCEx_WakeUpStopCLKConfig
                0x00000000080065a8                HAL_RCCEx_KerWakeUpStopCLKConfig
                0x00000000080065bc                HAL_RCCEx_WWDGxSysResetConfig
                0x00000000080065d0                HAL_RCCEx_CRSConfig
                0x0000000008006640                HAL_RCCEx_CRSSoftwareSynchronizationGenerate
                0x0000000008006650                HAL_RCCEx_CRSGetSynchronizationInfo
                0x0000000008006698                HAL_RCCEx_CRSWaitSynchronization
                0x0000000008006730                HAL_RCCEx_CRS_SyncOkCallback
                0x0000000008006734                HAL_RCCEx_CRS_SyncWarnCallback
                0x0000000008006738                HAL_RCCEx_CRS_ExpectedSyncCallback
                0x000000000800673c                HAL_RCCEx_CRS_ErrorCallback
                0x0000000008006740                HAL_RCCEx_CRS_IRQHandler
 .text          0x00000000080067b4     0x19b8 Drivers/STM32H7xx_HAL_Driver/Src/stm32h7xx_hal_spi.o
                0x0000000008006dac                HAL_SPI_Init
                0x0000000008006f14                HAL_SPI_DeInit
                0x0000000008006f44                HAL_SPI_Transmit
                0x00000000080071c0                HAL_SPI_Receive
                0x0000000008007444                HAL_SPI_TransmitReceive
                0x0000000008007460                HAL_SPI_Transmit_IT
                0x0000000008007530                HAL_SPI_TransmitReceive_IT
                0x000000000800762c                HAL_SPI_Receive_IT
                0x0000000008007720                HAL_SPI_Transmit_DMA
                0x0000000008007878                HAL_SPI_TransmitReceive_DMA
                0x0000000008007a50                HAL_SPI_Receive_DMA
                0x0000000008007bd4                HAL_SPI_Abort
                0x0000000008007cbc                HAL_SPI_DMAPause
                0x0000000008007cd0                HAL_SPI_DMAResume
                0x0000000008007ce4                HAL_SPI_DMAStop
                0x0000000008007cf8                HAL_SPI_TxCpltCallback
                0x0000000008007d24                HAL_SPI_RxCpltCallback
                0x0000000008007d50                HAL_SPI_TxRxCpltCallback
                0x0000000008007d7c                HAL_SPI_TxHalfCpltCallback
                0x0000000008007d8c                HAL_SPI_RxHalfCpltCallback
                0x0000000008007d9c                HAL_SPI_TxRxHalfCpltCallback
                0x0000000008007dac                HAL_SPI_ErrorCallback
                0x0000000008007ddc                HAL_SPI_IRQHandler
                0x0000000008007ff8                HAL_SPI_AbortCpltCallback
                0x0000000008007ffc                HAL_SPI_Abort_IT
                0x000000000800815c                HAL_SPI_GetState
                0x0000000008008164                HAL_SPI_GetError
 .text          0x000000000800816c     0x2454 Drivers/STM32H7xx_HAL_Driver/Src/stm32h7xx_hal_tim.o
                0x0000000008008300                HAL_TIM_Base_DeInit
                0x0000000008008340                HAL_TIM_Base_Start
                0x0000000008008360                HAL_TIM_Base_Stop
                0x0000000008008394                HAL_TIM_Base_Start_IT
                0x00000000080083ac                HAL_TIM_Base_Stop_IT
                0x00000000080083dc                HAL_TIM_Base_Start_DMA
                0x0000000008008438                HAL_TIM_Base_Stop_DMA
                0x0000000008008470                HAL_TIM_OC_MspInit
                0x0000000008008474                HAL_TIM_OC_MspDeInit
                0x0000000008008478                HAL_TIM_OC_DeInit
                0x00000000080084b8                HAL_TIM_OC_Start
                0x0000000008008524                HAL_TIM_OC_Stop
                0x00000000080085bc                HAL_TIM_OC_Start_IT
                0x0000000008008668                HAL_TIM_OC_Stop_IT
                0x000000000800873c                HAL_TIM_OC_Start_DMA
                0x0000000008008894                HAL_TIM_OC_Stop_DMA
                0x0000000008008970                HAL_TIM_PWM_MspDeInit
                0x0000000008008974                HAL_TIM_PWM_DeInit
                0x00000000080089b4                HAL_TIM_PWM_Start
                0x00000000080089b8                HAL_TIM_PWM_Stop
                0x0000000008008a58                HAL_TIM_PWM_Start_IT
                0x0000000008008a5c                HAL_TIM_PWM_Stop_IT
                0x0000000008008a60                HAL_TIM_PWM_Start_DMA
                0x0000000008008a64                HAL_TIM_PWM_Stop_DMA
                0x0000000008008a70                HAL_TIM_IC_DeInit
                0x0000000008008ab0                HAL_TIM_IC_Start
                0x0000000008008ad8                HAL_TIM_IC_Stop
                0x0000000008008b18                HAL_TIM_IC_Start_IT
                0x0000000008008b7c                HAL_TIM_IC_Stop_IT
                0x0000000008008bf8                HAL_TIM_IC_Start_DMA
                0x0000000008008cf4                HAL_TIM_IC_Stop_DMA
                0x0000000008008d74                HAL_TIM_OnePulse_MspInit
                0x0000000008008d78                HAL_TIM_OnePulse_MspDeInit
                0x0000000008008d7c                HAL_TIM_OnePulse_DeInit
                0x0000000008008dbc                HAL_TIM_OnePulse_Start
                0x0000000008008e30                HAL_TIM_OnePulse_Stop
                0x0000000008008ed0                HAL_TIM_OnePulse_Start_IT
                0x0000000008008f54                HAL_TIM_OnePulse_Stop_IT
                0x0000000008009004                HAL_TIM_Encoder_MspInit
                0x0000000008009008                HAL_TIM_Encoder_MspDeInit
                0x000000000800900c                HAL_TIM_Encoder_DeInit
                0x000000000800904c                HAL_TIM_Encoder_Start
                0x0000000008009094                HAL_TIM_Encoder_Stop
                0x00000000080090e8                HAL_TIM_Encoder_Start_IT
                0x0000000008009164                HAL_TIM_Encoder_Stop_IT
                0x00000000080091ec                HAL_TIM_Encoder_Start_DMA
                0x000000000800933c                HAL_TIM_Encoder_Stop_DMA
                0x00000000080093c4                HAL_TIM_DMABurst_WriteStart
                0x00000000080094c4                HAL_TIM_DMABurst_WriteStop
                0x000000000800953c                HAL_TIM_DMABurst_ReadStart
                0x000000000800963c                HAL_TIM_DMABurst_ReadStop
                0x0000000008009640                HAL_TIM_GenerateEvent
                0x000000000800966c                HAL_TIM_ConfigOCrefClear
                0x000000000800977c                HAL_TIM_ConfigClockSource
                0x0000000008009914                HAL_TIM_ConfigTI1Input
                0x0000000008009924                HAL_TIM_SlaveConfigSynchronization
                0x0000000008009964                HAL_TIM_SlaveConfigSynchronization_IT
                0x00000000080099a4                HAL_TIM_ReadCapturedValue
                0x0000000008009a14                HAL_TIM_OC_DelayElapsedCallback
                0x0000000008009a1c                TIM_DMACaptureCplt
                0x0000000008009a80                TIM_DMADelayPulseCplt
                0x0000000008009ae0                HAL_TIM_TriggerCallback
                0x0000000008009ae4                HAL_TIM_IRQHandler
                0x0000000008009c68                HAL_TIM_ErrorCallback
                0x0000000008009c6c                TIM_DMAError
                0x0000000008009c80                HAL_TIM_Base_GetState
                0x0000000008009c88                HAL_TIM_OC_GetState
                0x0000000008009c90                HAL_TIM_PWM_GetState
                0x0000000008009c98                HAL_TIM_IC_GetState
                0x0000000008009ca0                HAL_TIM_OnePulse_GetState
                0x0000000008009ca8                HAL_TIM_Encoder_GetState
                0x0000000008009cb0                TIM_Base_SetConfig
                0x0000000008009d80                HAL_TIM_Base_Init
                0x0000000008009db8                HAL_TIM_OC_Init
                0x0000000008009df0                HAL_TIM_PWM_Init
                0x0000000008009e28                HAL_TIM_IC_Init
                0x0000000008009e60                HAL_TIM_OnePulse_Init
                0x0000000008009eb0                HAL_TIM_Encoder_Init
                0x0000000008009f5c                TIM_OC1_SetConfig
                0x0000000008009fd4                TIM_OC2_SetConfig
                0x000000000800a058                TIM_OC3_SetConfig
                0x000000000800a0dc                TIM_OC4_SetConfig
                0x000000000800a144                HAL_TIM_OC_ConfigChannel
                0x000000000800a1bc                HAL_TIM_PWM_ConfigChannel
                0x000000000800a2e8                TIM_TI1_SetConfig
                0x000000000800a360                HAL_TIM_IC_ConfigChannel
                0x000000000800a474                HAL_TIM_OnePulse_ConfigChannel
                0x000000000800a590                TIM_ETR_SetConfig
                0x000000000800a5a4                TIM_CCxChannelCmd
 .text          0x000000000800a5c0      0x9c8 Drivers/STM32H7xx_HAL_Driver/Src/stm32h7xx_hal_tim_ex.o
                0x000000000800a5c0                HAL_TIMEx_HallSensor_MspInit
                0x000000000800a5c4                HAL_TIMEx_HallSensor_Init
                0x000000000800a688                HAL_TIMEx_HallSensor_MspDeInit
                0x000000000800a68c                HAL_TIMEx_HallSensor_DeInit
                0x000000000800a6cc                HAL_TIMEx_HallSensor_Start
                0x000000000800a6e8                HAL_TIMEx_HallSensor_Stop
                0x000000000800a71c                HAL_TIMEx_HallSensor_Start_IT
                0x000000000800a744                HAL_TIMEx_HallSensor_Stop_IT
                0x000000000800a780                HAL_TIMEx_HallSensor_Start_DMA
                0x000000000800a7ec                HAL_TIMEx_HallSensor_Stop_DMA
                0x000000000800a828                HAL_TIMEx_OCN_Start
                0x000000000800a858                HAL_TIMEx_OCN_Stop
                0x000000000800a8b4                HAL_TIMEx_OCN_Start_IT
                0x000000000800a914                HAL_TIMEx_OCN_Stop_IT
                0x000000000800a9ac                HAL_TIMEx_OCN_Start_DMA
                0x000000000800aa94                HAL_TIMEx_OCN_Stop_DMA
                0x000000000800ab20                HAL_TIMEx_PWMN_Start
                0x000000000800ab24                HAL_TIMEx_PWMN_Stop
                0x000000000800ab28                HAL_TIMEx_PWMN_Start_IT
                0x000000000800ab2c                HAL_TIMEx_PWMN_Stop_IT
                0x000000000800ab30                HAL_TIMEx_PWMN_Start_DMA
                0x000000000800ab34                HAL_TIMEx_PWMN_Stop_DMA
                0x000000000800ab38                HAL_TIMEx_OnePulseN_Start
                0x000000000800ab60                HAL_TIMEx_OnePulseN_Stop
                0x000000000800ab64                HAL_TIMEx_OnePulseN_Start_IT
                0x000000000800ab9c                HAL_TIMEx_OnePulseN_Stop_IT
                0x000000000800ac08                HAL_TIMEx_ConfigCommutationEvent
                0x000000000800ac60                HAL_TIMEx_ConfigCommutationEvent_IT
                0x000000000800acc0                HAL_TIMEx_ConfigCommutationEvent_DMA
                0x000000000800ad2c                HAL_TIMEx_MasterConfigSynchronization
                0x000000000800ad84                HAL_TIMEx_ConfigBreakDeadTime
                0x000000000800ae14                HAL_TIMEx_ConfigBreakInput
                0x000000000800aec4                HAL_TIMEx_RemapConfig
                0x000000000800aef8                HAL_TIMEx_TISelection
                0x000000000800af2c                HAL_TIMEx_GroupChannel5
                0x000000000800af64                HAL_TIMEx_CommutationCallback
                0x000000000800af68                TIMEx_DMACommutationCplt
                0x000000000800af7c                HAL_TIMEx_BreakCallback
                0x000000000800af80                HAL_TIMEx_HallSensor_GetState
 .text          0x000000000800af88     0x1810 Drivers/STM32H7xx_HAL_Driver/Src/stm32h7xx_hal_uart.o
                0x000000000800af90                HAL_UART_DeInit
                0x000000000800afc8                HAL_UART_Transmit_IT
                0x000000000800b030                HAL_UART_Receive_IT
                0x000000000800b0e8                HAL_UART_Transmit_DMA
                0x000000000800b164                HAL_UART_Receive_DMA
                0x000000000800b1f0                HAL_UART_DMAPause
                0x000000000800b260                HAL_UART_DMAResume
                0x000000000800b2b4                HAL_UART_DMAStop
                0x000000000800b32c                HAL_UART_Abort
                0x000000000800b3a0                HAL_UART_AbortTransmit
                0x000000000800b3e0                HAL_UART_AbortReceive
                0x000000000800b42c                HAL_UART_TxCpltCallback
                0x000000000800b45c                HAL_UART_TxHalfCpltCallback
                0x000000000800b52c                HAL_UART_ErrorCallback
                0x000000000800b5a8                HAL_UART_IRQHandler
                0x000000000800b7b4                HAL_UART_AbortCpltCallback
                0x000000000800b7b8                HAL_UART_Abort_IT
                0x000000000800b8e4                HAL_UART_AbortTransmitCpltCallback
                0x000000000800b8e8                HAL_UART_AbortTransmit_IT
                0x000000000800b968                HAL_UART_AbortReceiveCpltCallback
                0x000000000800b96c                HAL_UART_AbortReceive_IT
                0x000000000800ba00                HAL_MultiProcessor_EnterMuteMode
                0x000000000800ba0c                HAL_HalfDuplex_EnableTransmitter
                0x000000000800ba48                HAL_HalfDuplex_EnableReceiver
                0x000000000800ba84                HAL_LIN_SendBreak
                0x000000000800bab8                HAL_UART_GetState
                0x000000000800bac4                HAL_UART_GetError
                0x000000000800bac8                UART_SetConfig
                0x000000000800c1e0                UART_AdvFeatureConfig
                0x000000000800c290                UART_WaitOnFlagUntilTimeout
                0x000000000800c2f4                HAL_UART_Transmit
                0x000000000800c3b8                HAL_UART_Receive
                0x000000000800c4c4                UART_CheckIdleState
                0x000000000800c534                HAL_UART_Init
                0x000000000800c5a0                HAL_HalfDuplex_Init
                0x000000000800c618                HAL_LIN_Init
                0x000000000800c6a8                HAL_MultiProcessor_Init
                0x000000000800c738                HAL_MultiProcessor_EnableMuteMode
                0x000000000800c768                HAL_MultiProcessor_DisableMuteMode
 .text          0x000000000800c798      0x240 Drivers/STM32H7xx_HAL_Driver/Src/stm32h7xx_hal_uart_ex.o
                0x000000000800c798                HAL_RS485Ex_Init
                0x000000000800c828                HAL_MultiProcessorEx_AddressLength_Set
                0x000000000800c85c                HAL_UARTEx_StopModeWakeUpSourceConfig
                0x000000000800c96c                HAL_UARTEx_EnableStopMode
                0x000000000800c9a0                HAL_UARTEx_DisableStopMode
                0x000000000800c9d4                HAL_UARTEx_WakeupCallback
 .text          0x000000000800c9d8      0x4b0 Drivers/Sensor/ADC.o
                0x000000000800c9d8                prvOperation_with_ADC_results
                0x000000000800cbe0                HAL_ADC_MspInit
                0x000000000800ccb8                HAL_ADC_MspDeInit
                0x000000000800ccd8                Init_SYS_ADC
                0x000000000800ce50                DMA1_Stream2_IRQHandler
 .text          0x000000000800ce88     0x1d44 Drivers/Sensor/IMU_INS.o
                0x000000000800ce88                TIM7_IRQHandler
                0x000000000800cea4                X_Y_Ref_Cartesian
                0x000000000800cff4                q_ref
                0x000000000800d2d8                q_err
                0x000000000800d4c0                Mixer
                0x000000000800d6f8                Fast_mahony
                0x000000000800daa0                Control
                0x000000000800e428                runInit
                0x000000000800e540                UKF_Cycle
                0x000000000800eb58                prvIMU_INS_UKF
 .text          0x000000000800ebcc      0xe54 Drivers/Sensor/MPU6500.o
                0x000000000800ebcc                readMPU
                0x000000000800ece8                prvIMU_INS
                0x000000000800ef10                EXTI15_10_IRQHandler
                0x000000000800ef50                EXTI9_5_IRQHandler
                0x000000000800efa0                SPIx_SendByte
                0x000000000800efdc                MPU_Write
                0x000000000800f034                SPIx_Writes
                0x000000000800f094                SPIx_Read
                0x000000000800f0ec                EXTI_Init_MPU6500
                0x000000000800f150                spi_recieve
                0x000000000800f158                SPI_read_register
                0x000000000800f1b0                SPI_write_register
                0x000000000800f230                SPI_write_bits
                0x000000000800f26c                MPU_get_acc_divider
                0x000000000800f2c8                MPU_get_gyro_divider
                0x000000000800f32c                MPU_ReadRegs
                0x000000000800f398                MPU_GyroCalibration
                0x000000000800f4e4                MPU_AccCalibration
                0x000000000800f570                Acc_Collect_Error_cal
                0x000000000800f68c                Revert_Acc_Cancel
                0x000000000800f6b8                Get_MPU_Acc_Offset
                0x000000000800f814                MPU_Init
                0x000000000800f8c4                MPU6500_Init_Full
 .text          0x000000000800fa20      0x730 Drivers/Sensor/NAV_POINTS.o
                0x000000000800fa20                initPoint
                0x000000000800fa4c                freeAllPoints
                0x000000000800fa5c                FindMaxTime
                0x000000000800faec                FindMaxTime2
                0x000000000800fb88                SolvePolinom
                0x000000000800fbe4                SolveAllOnce
                0x000000000800fd14                lerpTrajectory
                0x000000000800fd98                cycleLerp
                0x000000000800fe94                firstEnterPoint
                0x000000000800feb8                exitPoint
                0x000000000800fec8                lerpTrajectory2
                0x000000000800ff94                DynamicLerp2
 .text          0x0000000008010150      0xd20 Drivers/Sensor/PID.o
                0x0000000008010150                PID_Angle_Y
                0x0000000008010264                PID_Rate_Y
                0x0000000008010404                PID_Angle_X
                0x0000000008010518                PID_Rate_X
                0x00000000080106b4                PID_Angle_Z
                0x00000000080107c8                PID_Rate_Z
                0x000000000801095c                PID_Alt_Pos_Z
                0x00000000080109b4                PID_Alt_Vel_Z
                0x0000000008010b0c                PID_Pos_XY
                0x0000000008010bbc                PID_Vel_X
                0x0000000008010d18                PID_Vel_Y
 .text          0x0000000008010e70      0x7cc Drivers/Sensor/PWM_PPM.o
                0x0000000008010e70                Init_PWM_Reciever1
                0x0000000008010f80                Init_PWM_Motor
                0x00000000080110c4                TIM4_IRQHandler
                0x00000000080110d0                HAL_TIM_IC_CaptureCallback
                0x000000000801136c                HAL_TIM_PWM_PulseFinishedCallback
                0x00000000080113ac                prvArming
                0x00000000080114bc                TIM1_UP_IRQHandler
                0x00000000080114f8                HAL_TIM_IC_MspInit
                0x0000000008011574                HAL_TIM_IC_MspDeInit
                0x00000000080115b0                HAL_TIM_PWM_MspInit
 *fill*         0x000000000801163c        0x4 
 .text          0x0000000008011640     0x37dc Drivers/Sensor/UKF_lib.o
                0x0000000008011640                navUkfPresUpdate
                0x0000000008011654                navUkfPresGPSAltUpdate
                0x0000000008011678                navUkfRateUpdate
                0x000000000801169c                altUkfTimeUpdate
                0x0000000008011714                altUkfPresUpdate
                0x0000000008011838                aqDataCalloc
                0x000000000801188c                aqFree
                0x00000000080118ac                matrixInit
                0x0000000008011930                matrix_equ
                0x000000000801194c                matrixFree
                0x0000000008011958                qrDecompositionT_f32
                0x0000000008011cb8                matrixDiv_f32
                0x0000000008011db0                srcdkfInit
                0x0000000008012050                srcdkfTimeUpdate
                0x0000000008012194                srcdkfMeasurementUpdate
                0x0000000008012750                navUkfNormalizeVec3
                0x00000000080127bc                navUkfNormalizeQuat
                0x0000000008012840                navUkfRotateVectorByQuat
                0x0000000008012944                navUkfPosUpdate
                0x00000000080129c4                navUkfRotateVectorByRevQuat
                0x0000000008012a00                navUkfAccUpdate
                0x0000000008012a48                navUkfMagUpdate
                0x0000000008012a90                navUkfRotateVecByMatrix
                0x0000000008012b0c                navUkfRotateVecByRevMatrix
                0x0000000008012b88                navUkfQuatToMatrix
                0x0000000008012cb0                navUkfMatrixExtractEuler
                0x0000000008012d54                navUkfQuatExtractEuler
                0x0000000008012e18                navUkfRotateQuat
                0x0000000008012ea0                navUkfTimeUpdate
                0x00000000080131c8                crossVector
                0x0000000008013220                navUkfVelUpdate
                0x0000000008013304                simDoAccUpdate
                0x00000000080133fc                navUkfPresToAlt
                0x000000000801342c                simDoPresUpdate
                0x0000000008013488                simDoMagUpdate
                0x0000000008013588                GPSLocGlob
                0x000000000801369c                navUkfGpsPosUpdate
                0x0000000008013b8c                navUkfGpsVelUpdate
                0x0000000008014084                navPressureAdjust
                0x00000000080140a0                navUkfZeroPos
                0x00000000080141b8                navUkfZeroVel
                0x00000000080142d8                navUkfZeroRate
                0x000000000801431c                srcdkfSetVariance
                0x00000000080143bc                srcdkfGetState
                0x00000000080143c0                navUkfInertialUpdate
                0x00000000080145b8                navUkfInitState
                0x00000000080147a0                navUkfInit
                0x00000000080148d8                navUkfFinish
                0x0000000008014a7c                altDoPresUpdate
                0x0000000008014ab4                altUkfProcess
                0x0000000008014b4c                altUkfInit
                0x0000000008014bc8                quatMultiply
                0x0000000008014c9c                eulerToQuatYPR
                0x0000000008014d5c                eulerToQuatRPY
 .text          0x0000000008014e1c      0x3c0 Drivers/Sensor/hmc5983_spi.o
                0x0000000008014e1c                Mag_read_register
                0x0000000008014e6c                Mag_write_register
                0x0000000008014ec0                Mag_reads
                0x0000000008014f2c                readMag
                0x00000000080150f4                EXTI3_IRQHandler
                0x0000000008015110                EXTI_Init_MAG
                0x0000000008015160                initMag
 *fill*         0x00000000080151dc        0x4 
 .text          0x00000000080151e0      0x754 Drivers/Sensor/ms5611_spi.o
                0x00000000080151e0                Baro_read
                0x000000000801522c                Baro_reads
                0x000000000801528c                Baro_write_cmd
                0x00000000080152d4                readTemperatureRequestPressure
                0x0000000008015308                readPressureRequestPressure
                0x000000000801533c                readPressureRequestTemperature
                0x0000000008015370                calculateTemperature
                0x00000000080153d8                calculatePressureAltitude
                0x00000000080155fc                BARO_Processing
                0x0000000008015728                initPressure
 *fill*         0x0000000008015934        0x4 
 .text          0x0000000008015938      0x7fc Drivers/Sensor/ublox.o
                0x0000000008015938                initUBLOX
                0x00000000080159fc                ubloxParseData
                0x0000000008015ebc                decodeUbloxMsg
                0x000000000801603c                GPS_Processing
                0x00000000080160b4                GPS_init
 *fill*         0x0000000008016134        0x4 
 .text          0x0000000008016138     0x116c Drivers/System/cli.o
                0x0000000008016138                stringToFloat
                0x00000000080162d8                serialFloatPrint
                0x0000000008016320                serialPrintFloatArr
                0x000000000801634c                readStringCLI
                0x00000000080163ac                readFloatCLI
                0x000000000801644c                PrintState
                0x00000000080165b8                cliCom
                0x00000000080171f0                cliTaskCode
                0x0000000008017260                CliInit
 .text          0x00000000080172a4      0x3f0 Drivers/System/comm.o
                0x00000000080172a4                comm1Task
                0x000000000801745c                comm2Task
                0x0000000008017614                CommInit
 .text          0x0000000008017694       0x90 Drivers/System/drv_led.o
                0x0000000008017694                Led_init
 .text          0x0000000008017724      0x3bc Drivers/System/drv_uart1.o
                0x0000000008017724                serial1Available
                0x0000000008017740                serial1ClearBuffer
                0x0000000008017754                serial1NumCharsAvailable
                0x0000000008017774                serial1Read
                0x00000000080177d8                serial1Write
                0x0000000008017840                serial1Print
                0x00000000080178b0                serial1PrintBinary
                0x000000000801796c                serial1PrintF
                0x0000000008017998                HAL_UART_RxHalfCpltCallback
                0x00000000080179b0                HAL_UART_RxCpltCallback
                0x00000000080179b4                serial1_Init
                0x0000000008017a88                serial1ReadPoll
 .text          0x0000000008017ae0      0x3a0 Drivers/System/drv_uart2.o
                0x0000000008017ae0                serial2Available
                0x0000000008017afc                serial2ClearBuffer
                0x0000000008017b10                serial2NumCharsAvailable
                0x0000000008017b30                serial2Read
                0x0000000008017b94                serial2Write
                0x0000000008017bfc                serial2Print
                0x0000000008017c6c                serial2PrintBinary
                0x0000000008017d28                serial2PrintF
                0x0000000008017d54                serial2_Init
                0x0000000008017e28                serial2ReadPoll
 .text          0x0000000008017e80      0x7c4 Middlewares/Third_Party/FreeRTOS/Source/CMSIS_RTOS/cmsis_os.o
                0x0000000008017e80                osKernelStart
                0x0000000008017e8c                osKernelRunning
                0x0000000008017e9c                osKernelSysTick
                0x0000000008017eac                osThreadCreate
                0x0000000008017edc                osThreadGetId
                0x0000000008017ee0                osThreadTerminate
                0x0000000008017eec                osThreadYield
                0x0000000008017f04                osThreadSetPriority
                0x0000000008017f18                osThreadGetPriority
                0x0000000008017f3c                osDelay
                0x0000000008017f4c                osTimerCreate
                0x0000000008017f50                osTimerStart
                0x0000000008017f54                osTimerStop
                0x0000000008017f58                osTimerDelete
                0x0000000008017f5c                osSignalSet
                0x0000000008017fac                osSignalWait
                0x0000000008017ff8                osMutexCreate
                0x0000000008018000                osMutexWait
                0x000000000801805c                osMutexRelease
                0x00000000080180ac                osMutexDelete
                0x00000000080180c0                osSemaphoreCreate
                0x00000000080180e8                osSemaphoreWait
                0x0000000008018144                osSemaphoreRelease
                0x0000000008018148                osSemaphoreDelete
                0x000000000801814c                osPoolCreate
                0x00000000080181b8                osPoolAlloc
                0x000000000801824c                osPoolCAlloc
                0x000000000801825c                osPoolFree
                0x0000000008018288                osMessageCreate
                0x0000000008018294                osMessagePut
                0x00000000080182ec                osMessageGet
                0x0000000008018378                osMailCreate
                0x00000000080183dc                osMailAlloc
                0x00000000080183e8                osMailCAlloc
                0x0000000008018418                osMailPut
                0x0000000008018478                osMailGet
                0x0000000008018500                osMailFree
                0x000000000801853c                osSystickHandler
                0x0000000008018550                osThreadSuspend
                0x000000000801855c                osThreadResume
                0x0000000008018590                osThreadSuspendAll
                0x000000000801859c                osThreadResumeAll
                0x00000000080185ac                osDelayUntil
                0x00000000080185b0                osAbortDelay
                0x00000000080185b4                osThreadList
                0x00000000080185b8                osMessagePeek
                0x000000000801861c                osMessageWaiting
                0x000000000801862c                osMessageAvailableSpace
                0x0000000008018630                osMessageDelete
                0x0000000008018634                osRecursiveMutexCreate
                0x0000000008018638                osRecursiveMutexRelease
                0x000000000801863c                osRecursiveMutexWait
                0x0000000008018640                osSemaphoreGetCount
 .text          0x0000000008018644       0x9c Middlewares/Third_Party/FreeRTOS/Source/list.o
                0x0000000008018644                vListInitialise
                0x000000000801865c                vListInitialiseItem
                0x0000000008018664                vListInsertEnd
                0x0000000008018684                vListInsert
                0x00000000080186b8                uxListRemove
 .text          0x00000000080186e0      0xa08 Middlewares/Third_Party/FreeRTOS/Source/queue.o
                0x0000000008018810                xQueueGenericReset
                0x0000000008018898                xQueueGenericCreate
                0x00000000080188f0                xQueueGenericSend
                0x0000000008018a84                xQueueCreateMutex
                0x0000000008018aa8                xQueueGenericSendFromISR
                0x0000000008018b8c                xQueueGiveFromISR
                0x0000000008018c4c                xQueueGenericReceive
                0x0000000008018e18                xQueueReceiveFromISR
                0x0000000008018ec8                xQueuePeekFromISR
                0x0000000008018f54                uxQueueMessagesWaiting
                0x0000000008018f80                uxQueueSpacesAvailable
                0x0000000008018fb0                uxQueueMessagesWaitingFromISR
                0x0000000008018fcc                vQueueDelete
                0x0000000008019014                xQueueIsQueueEmptyFromISR
                0x0000000008019038                xQueueIsQueueFullFromISR
                0x0000000008019060                vQueueAddToRegistry
                0x0000000008019088                pcQueueGetName
                0x00000000080190b4                vQueueUnregisterQueue
 .text          0x00000000080190e8     0x1298 Middlewares/Third_Party/FreeRTOS/Source/tasks.o
                0x0000000008019168                xTaskCreate
                0x0000000008019314                vTaskDelete
                0x00000000080193ec                uxTaskPriorityGet
                0x0000000008019408                uxTaskPriorityGetFromISR
                0x000000000801943c                vTaskPrioritySet
                0x0000000008019514                vTaskResume
                0x00000000080195a8                xTaskResumeFromISR
                0x0000000008019658                vTaskStartScheduler
                0x00000000080196d0                vTaskEndScheduler
                0x00000000080196f4                vTaskSuspendAll
                0x0000000008019708                xTaskGetTickCount
                0x0000000008019714                xTaskGetTickCountFromISR
                0x0000000008019724                uxTaskGetNumberOfTasks
                0x0000000008019730                pcTaskGetName
                0x0000000008019758                xTaskIncrementTick
                0x0000000008019858                xTaskResumeAll
                0x0000000008019940                vTaskDelay
                0x0000000008019a04                vTaskSwitchContext
                0x0000000008019aa0                vTaskSuspend
                0x0000000008019b70                vTaskPlaceOnEventList
                0x0000000008019ba8                vTaskPlaceOnUnorderedEventList
                0x0000000008019c04                xTaskRemoveFromEventList
                0x0000000008019c88                xTaskRemoveFromUnorderedEventList
                0x0000000008019d14                vTaskSetTimeOutState
                0x0000000008019d40                xTaskCheckForTimeOut
                0x0000000008019dc0                vTaskMissedYield
                0x0000000008019dd0                uxTaskGetStackHighWaterMark
                0x0000000008019e00                xTaskGetCurrentTaskHandle
                0x0000000008019e0c                xTaskGetSchedulerState
                0x0000000008019e2c                vTaskPriorityInherit
                0x0000000008019eb8                xTaskPriorityDisinherit
                0x0000000008019f64                uxTaskResetEventItemValue
                0x0000000008019f7c                pvTaskIncrementMutexHeldCount
                0x0000000008019f94                ulTaskNotifyTake
                0x0000000008019ffc                xTaskNotifyWait
                0x000000000801a08c                xTaskGenericNotify
                0x000000000801a164                xTaskGenericNotifyFromISR
                0x000000000801a274                vTaskNotifyGiveFromISR
                0x000000000801a348                xTaskNotifyStateClear
 .text          0x000000000801a380      0x330 Middlewares/Third_Party/FreeRTOS/Source/portable/GCC/ARM_CM7/r0p1/port.o
                0x000000000801a3e4                pxPortInitialiseStack
                0x000000000801a414                SVC_Handler
                0x000000000801a434                vPortEndScheduler
                0x000000000801a45c                vPortEnterCritical
                0x000000000801a4a8                vPortExitCritical
                0x000000000801a4d4                PendSV_Handler
                0x000000000801a544                xPortSysTickHandler
                0x000000000801a574                vPortSetupTimerInterrupt
                0x000000000801a5a0                xPortStartScheduler
                0x000000000801a648                vPortValidateInterruptPriority
 .text          0x000000000801a6b0      0x1a4 Middlewares/Third_Party/FreeRTOS/Source/portable/MemMang/heap_4.o
                0x000000000801a6b0                pvPortMalloc
                0x000000000801a7c8                vPortFree
                0x000000000801a838                xPortGetFreeHeapSize
                0x000000000801a844                xPortGetMinimumEverFreeHeapSize
                0x000000000801a850                vPortInitialiseBlocks
 .text          0x000000000801a854       0x10 Src/freertos.o
                0x000000000801a854                vApplicationStackOverflowHook
                0x000000000801a85c                vApplicationMallocFailedHook
 .text          0x000000000801a864      0x230 Src/main.o
                0x000000000801a864                Leds_task
                0x000000000801a87c                TaskLed_GPS
                0x000000000801a8d0                TaskLed_Arming
                0x000000000801a924                StartDefaultTask
                0x000000000801a93c                SystemClock_Config
                0x000000000801aa30                MX_TIM7_Init
                0x000000000801aa7c                HAL_TIM_PeriodElapsedCallback
                0x000000000801aa90                _Error_Handler
 .text          0x000000000801aa94      0x494 Src/stm32h7xx_hal_msp.o
                0x000000000801aa94                HAL_MspInit
                0x000000000801ab18                HAL_SPI_MspInit
                0x000000000801ab6c                HAL_SPI_MspDeInit
                0x000000000801ab98                HAL_TIM_Base_MspInit
                0x000000000801ac84                HAL_TIM_Base_MspDeInit
                0x000000000801acd8                HAL_UART_MspInit
                0x000000000801aea4                HAL_UART_MspDeInit
 .text          0x000000000801af28       0xac Src/stm32h7xx_hal_timebase_TIM.o
                0x000000000801af28                HAL_InitTick
                0x000000000801afac                HAL_SuspendTick
                0x000000000801afc0                HAL_ResumeTick
 .text          0x000000000801afd4       0x70 Src/stm32h7xx_it.o
                0x000000000801afd4                NMI_Handler
                0x000000000801afd8                HardFault_Handler
                0x000000000801afdc                MemManage_Handler
                0x000000000801afe0                BusFault_Handler
                0x000000000801afe4                UsageFault_Handler
                0x000000000801afe8                DebugMon_Handler
                0x000000000801afec                SysTick_Handler
                0x000000000801aff0                DMA1_Stream0_IRQHandler
                0x000000000801affc                DMA1_Stream1_IRQHandler
                0x000000000801b008                USART1_IRQHandler
                0x000000000801b014                USART2_IRQHandler
                0x000000000801b020                TIM8_TRG_COM_TIM14_IRQHandler
                0x000000000801b02c                DMA2_Stream2_IRQHandler
                0x000000000801b038                DMA2_Stream7_IRQHandler
 .text          0x000000000801b044      0x184 Src/system_stm32h7xx.o
                0x000000000801b044                SystemInit
                0x000000000801b0a8                SystemCoreClockUpdate
 .text          0x000000000801b1c8      0x378 /Users/sanyv/code/AC6/SystemWorkbench.app/Contents/Eclipse/plugins/fr.ac6.mcu.externaltools.arm-none.macos64_1.16.0.201807130628/tools/compiler/bin/../lib/gcc/arm-none-eabi/7.2.1/thumb/v7e-m/fpv5/hard/libgcc.a(_arm_addsubdf3.o)
                0x000000000801b1c8                __aeabi_drsub
                0x000000000801b1d0                __subdf3
                0x000000000801b1d0                __aeabi_dsub
                0x000000000801b1d4                __aeabi_dadd
                0x000000000801b1d4                __adddf3
                0x000000000801b44c                __aeabi_ui2d
                0x000000000801b44c                __floatunsidf
                0x000000000801b46c                __floatsidf
                0x000000000801b46c                __aeabi_i2d
                0x000000000801b490                __extendsfdf2
                0x000000000801b490                __aeabi_f2d
                0x000000000801b4d4                __aeabi_ul2d
                0x000000000801b4d4                __floatundidf
                0x000000000801b4e4                __aeabi_l2d
                0x000000000801b4e4                __floatdidf
 .text          0x000000000801b540      0x21c /Users/sanyv/code/AC6/SystemWorkbench.app/Contents/Eclipse/plugins/fr.ac6.mcu.externaltools.arm-none.macos64_1.16.0.201807130628/tools/compiler/bin/../lib/gcc/arm-none-eabi/7.2.1/thumb/v7e-m/fpv5/hard/libgcc.a(_arm_addsubsf3.o)
                0x000000000801b540                __aeabi_frsub
                0x000000000801b548                __aeabi_fsub
                0x000000000801b548                __subsf3
                0x000000000801b54c                __aeabi_fadd
                0x000000000801b54c                __addsf3
                0x000000000801b6ac                __aeabi_ui2f
                0x000000000801b6ac                __floatunsisf
                0x000000000801b6b4                __floatsisf
                0x000000000801b6b4                __aeabi_i2f
                0x000000000801b6d0                __aeabi_ul2f
                0x000000000801b6d0                __floatundisf
                0x000000000801b6e0                __aeabi_l2f
                0x000000000801b6e0                __floatdisf
 .text          0x000000000801b75c       0xa0 /Users/sanyv/code/AC6/SystemWorkbench.app/Contents/Eclipse/plugins/fr.ac6.mcu.externaltools.arm-none.macos64_1.16.0.201807130628/tools/compiler/bin/../lib/gcc/arm-none-eabi/7.2.1/thumb/v7e-m/fpv5/hard/libgcc.a(_aeabi_ldivmod.o)
                0x000000000801b75c                __aeabi_ldivmod
 .text          0x000000000801b7fc       0x30 /Users/sanyv/code/AC6/SystemWorkbench.app/Contents/Eclipse/plugins/fr.ac6.mcu.externaltools.arm-none.macos64_1.16.0.201807130628/tools/compiler/bin/../lib/gcc/arm-none-eabi/7.2.1/thumb/v7e-m/fpv5/hard/libgcc.a(_aeabi_uldivmod.o)
                0x000000000801b7fc                __aeabi_uldivmod
 .text          0x000000000801b82c      0x2cc /Users/sanyv/code/AC6/SystemWorkbench.app/Contents/Eclipse/plugins/fr.ac6.mcu.externaltools.arm-none.macos64_1.16.0.201807130628/tools/compiler/bin/../lib/gcc/arm-none-eabi/7.2.1/thumb/v7e-m/fpv5/hard/libgcc.a(_udivmoddi4.o)
                0x000000000801b82c                __udivmoddi4
 .text          0x000000000801baf8        0x4 /Users/sanyv/code/AC6/SystemWorkbench.app/Contents/Eclipse/plugins/fr.ac6.mcu.externaltools.arm-none.macos64_1.16.0.201807130628/tools/compiler/bin/../lib/gcc/arm-none-eabi/7.2.1/thumb/v7e-m/fpv5/hard/libgcc.a(_dvmd_tls.o)
                0x000000000801baf8                __aeabi_ldiv0
                0x000000000801baf8                __aeabi_idiv0
 .text          0x000000000801bafc      0x134 /Users/sanyv/code/AC6/SystemWorkbench.app/Contents/Eclipse/plugins/fr.ac6.mcu.externaltools.arm-none.macos64_1.16.0.201807130628/tools/compiler/bin/../lib/gcc/arm-none-eabi/7.2.1/../../../../arm-none-eabi/lib/thumb/v7e-m/fpv5/hard/libc.a(lib_a-memcpy.o)
                0x000000000801bafc                memcpy
 .text          0x000000000801bc30       0xa0 /Users/sanyv/code/AC6/SystemWorkbench.app/Contents/Eclipse/plugins/fr.ac6.mcu.externaltools.arm-none.macos64_1.16.0.201807130628/tools/compiler/bin/../lib/gcc/arm-none-eabi/7.2.1/../../../../arm-none-eabi/lib/thumb/v7e-m/fpv5/hard/libc.a(lib_a-memchr.o)
                0x000000000801bc30                memchr
 *fill*         0x000000000801bcd0       0x30 
 .text          0x000000000801bd00       0xdc /Users/sanyv/code/AC6/SystemWorkbench.app/Contents/Eclipse/plugins/fr.ac6.mcu.externaltools.arm-none.macos64_1.16.0.201807130628/tools/compiler/bin/../lib/gcc/arm-none-eabi/7.2.1/../../../../arm-none-eabi/lib/thumb/v7e-m/fpv5/hard/libc.a(lib_a-strlen.o)
                0x000000000801bd00                strlen
 *(.text*)
 .text.unlikely
                0x000000000801bddc       0x4c Middlewares/Third_Party/FreeRTOS/Source/portable/MemMang/heap_4.o
 .text.startup  0x000000000801be28      0x488 Src/main.o
                0x000000000801be28                main
 .text.Reset_Handler
                0x000000000801c2b0       0x60 startup/startup_stm32h743xx.o
                0x000000000801c2b0                Reset_Handler
 .text.Default_Handler
                0x000000000801c310        0x2 startup/startup_stm32h743xx.o
                0x000000000801c310                DMA1_Stream3_IRQHandler
                0x000000000801c310                EXTI2_IRQHandler
                0x000000000801c310                TIM8_CC_IRQHandler
                0x000000000801c310                HRTIM1_Master_IRQHandler
                0x000000000801c310                UART8_IRQHandler
                0x000000000801c310                SPI4_IRQHandler
                0x000000000801c310                TIM1_CC_IRQHandler
                0x000000000801c310                BDMA_Channel6_IRQHandler
                0x000000000801c310                DMA2_Stream5_IRQHandler
                0x000000000801c310                HRTIM1_FLT_IRQHandler
                0x000000000801c310                JPEG_IRQHandler
                0x000000000801c310                DMA1_Stream5_IRQHandler
                0x000000000801c310                BDMA_Channel1_IRQHandler
                0x000000000801c310                HRTIM1_TIMD_IRQHandler
                0x000000000801c310                TAMP_STAMP_IRQHandler
                0x000000000801c310                LPTIM4_IRQHandler
                0x000000000801c310                LPTIM2_IRQHandler
                0x000000000801c310                DFSDM1_FLT1_IRQHandler
                0x000000000801c310                DMAMUX2_OVR_IRQHandler
                0x000000000801c310                TIM8_UP_TIM13_IRQHandler
                0x000000000801c310                I2C3_ER_IRQHandler
                0x000000000801c310                DFSDM1_FLT2_IRQHandler
                0x000000000801c310                MDMA_IRQHandler
                0x000000000801c310                LPTIM3_IRQHandler
                0x000000000801c310                HSEM1_IRQHandler
                0x000000000801c310                EXTI0_IRQHandler
                0x000000000801c310                I2C2_EV_IRQHandler
                0x000000000801c310                FPU_IRQHandler
                0x000000000801c310                OTG_HS_WKUP_IRQHandler
                0x000000000801c310                FDCAN1_IT1_IRQHandler
                0x000000000801c310                LTDC_ER_IRQHandler
                0x000000000801c310                HRTIM1_TIME_IRQHandler
                0x000000000801c310                SPI1_IRQHandler
                0x000000000801c310                TIM6_DAC_IRQHandler
                0x000000000801c310                DCMI_IRQHandler
                0x000000000801c310                HRTIM1_TIMC_IRQHandler
                0x000000000801c310                DMA2_Stream3_IRQHandler
                0x000000000801c310                SAI2_IRQHandler
                0x000000000801c310                DFSDM1_FLT3_IRQHandler
                0x000000000801c310                USART6_IRQHandler
                0x000000000801c310                TIM17_IRQHandler
                0x000000000801c310                USART3_IRQHandler
                0x000000000801c310                BDMA_Channel7_IRQHandler
                0x000000000801c310                LPTIM5_IRQHandler
                0x000000000801c310                UART5_IRQHandler
                0x000000000801c310                ADC3_IRQHandler
                0x000000000801c310                DMA2_Stream0_IRQHandler
                0x000000000801c310                BDMA_Channel2_IRQHandler
                0x000000000801c310                QUADSPI_IRQHandler
                0x000000000801c310                I2C1_EV_IRQHandler
                0x000000000801c310                DMA1_Stream6_IRQHandler
                0x000000000801c310                DMAMUX1_OVR_IRQHandler
                0x000000000801c310                TIM16_IRQHandler
                0x000000000801c310                UART4_IRQHandler
                0x000000000801c310                BDMA_Channel5_IRQHandler
                0x000000000801c310                TIM3_IRQHandler
                0x000000000801c310                RCC_IRQHandler
                0x000000000801c310                TIM8_BRK_TIM12_IRQHandler
                0x000000000801c310                TIM1_TRG_COM_IRQHandler
                0x000000000801c310                Default_Handler
                0x000000000801c310                CEC_IRQHandler
                0x000000000801c310                BDMA_Channel0_IRQHandler
                0x000000000801c310                ADC_IRQHandler
                0x000000000801c310                DMA1_Stream7_IRQHandler
                0x000000000801c310                HRTIM1_TIMA_IRQHandler
                0x000000000801c310                SPI5_IRQHandler
                0x000000000801c310                SDMMC1_IRQHandler
                0x000000000801c310                TIM5_IRQHandler
                0x000000000801c310                TIM15_IRQHandler
                0x000000000801c310                PVD_AVD_IRQHandler
                0x000000000801c310                I2C3_EV_IRQHandler
                0x000000000801c310                RTC_WKUP_IRQHandler
                0x000000000801c310                LTDC_IRQHandler
                0x000000000801c310                SAI3_IRQHandler
                0x000000000801c310                ETH_WKUP_IRQHandler
                0x000000000801c310                SPDIF_RX_IRQHandler
                0x000000000801c310                SPI2_IRQHandler
                0x000000000801c310                OTG_HS_EP1_IN_IRQHandler
                0x000000000801c310                CRS_IRQHandler
                0x000000000801c310                EXTI4_IRQHandler
                0x000000000801c310                RNG_IRQHandler
                0x000000000801c310                HRTIM1_TIMB_IRQHandler
                0x000000000801c310                FDCAN2_IT1_IRQHandler
                0x000000000801c310                ETH_IRQHandler
                0x000000000801c310                BDMA_Channel4_IRQHandler
                0x000000000801c310                OTG_HS_EP1_OUT_IRQHandler
                0x000000000801c310                WWDG_IRQHandler
                0x000000000801c310                SPI6_IRQHandler
                0x000000000801c310                MDIOS_IRQHandler
                0x000000000801c310                I2C4_EV_IRQHandler
                0x000000000801c310                FDCAN2_IT0_IRQHandler
                0x000000000801c310                LPUART1_IRQHandler
                0x000000000801c310                FDCAN1_IT0_IRQHandler
                0x000000000801c310                TIM2_IRQHandler
                0x000000000801c310                OTG_FS_WKUP_IRQHandler
                0x000000000801c310                OTG_HS_IRQHandler
                0x000000000801c310                DMA2D_IRQHandler
                0x000000000801c310                TIM1_BRK_IRQHandler
                0x000000000801c310                EXTI1_IRQHandler
                0x000000000801c310                SDMMC2_IRQHandler
                0x000000000801c310                OTG_FS_EP1_OUT_IRQHandler
                0x000000000801c310                BDMA_Channel3_IRQHandler
                0x000000000801c310                UART7_IRQHandler
                0x000000000801c310                MDIOS_WKUP_IRQHandler
                0x000000000801c310                DFSDM1_FLT0_IRQHandler
                0x000000000801c310                SAI4_IRQHandler
                0x000000000801c310                I2C2_ER_IRQHandler
                0x000000000801c310                DMA2_Stream1_IRQHandler
                0x000000000801c310                FLASH_IRQHandler
                0x000000000801c310                DMA2_Stream4_IRQHandler
                0x000000000801c310                OTG_FS_IRQHandler
                0x000000000801c310                SPI3_IRQHandler
                0x000000000801c310                WAKEUP_PIN_IRQHandler
                0x000000000801c310                DMA1_Stream4_IRQHandler
                0x000000000801c310                OTG_FS_EP1_IN_IRQHandler
                0x000000000801c310                I2C1_ER_IRQHandler
                0x000000000801c310                FMC_IRQHandler
                0x000000000801c310                FDCAN_CAL_IRQHandler
                0x000000000801c310                SWPMI1_IRQHandler
                0x000000000801c310                COMP1_IRQHandler
                0x000000000801c310                LPTIM1_IRQHandler
                0x000000000801c310                I2C4_ER_IRQHandler
                0x000000000801c310                DMA2_Stream6_IRQHandler
                0x000000000801c310                SAI1_IRQHandler
                0x000000000801c310                RTC_Alarm_IRQHandler
 *fill*         0x000000000801c312        0x2 
 .text.arm_fill_f32
                0x000000000801c314       0x3c /Users/sanyv/code/Projects/code/AC6/H7-newlib/Drivers/libarm_cortexM7lfsp_math.a(arm_fill_f32.o)
                0x000000000801c314                arm_fill_f32
 .text.arm_std_f32
                0x000000000801c350       0xf0 /Users/sanyv/code/Projects/code/AC6/H7-newlib/Drivers/libarm_cortexM7lfsp_math.a(arm_std_f32.o)
                0x000000000801c350                arm_std_f32
 .text.arm_mat_trans_f32
                0x000000000801c440       0xe0 /Users/sanyv/code/Projects/code/AC6/H7-newlib/Drivers/libarm_cortexM7lfsp_math.a(arm_mat_trans_f32.o)
                0x000000000801c440                arm_mat_trans_f32
 .text.arm_mat_mult_f32
                0x000000000801c520      0x14c /Users/sanyv/code/Projects/code/AC6/H7-newlib/Drivers/libarm_cortexM7lfsp_math.a(arm_mat_mult_f32.o)
                0x000000000801c520                arm_mat_mult_f32
 .text.arm_mat_init_f32
                0x000000000801c66c        0x8 /Users/sanyv/code/Projects/code/AC6/H7-newlib/Drivers/libarm_cortexM7lfsp_math.a(arm_mat_init_f32.o)
                0x000000000801c66c                arm_mat_init_f32
 .text.cosf     0x000000000801c674       0x90 /Users/sanyv/code/AC6/SystemWorkbench.app/Contents/Eclipse/plugins/fr.ac6.mcu.externaltools.arm-none.macos64_1.16.0.201807130628/tools/compiler/bin/../lib/gcc/arm-none-eabi/7.2.1/../../../../arm-none-eabi/lib/thumb/v7e-m/fpv5/hard/libm.a(lib_a-sf_cos.o)
                0x000000000801c674                cosf
 *fill*         0x000000000801c704        0x4 
 .text.powf     0x000000000801c708      0x2e4 /Users/sanyv/code/AC6/SystemWorkbench.app/Contents/Eclipse/plugins/fr.ac6.mcu.externaltools.arm-none.macos64_1.16.0.201807130628/tools/compiler/bin/../lib/gcc/arm-none-eabi/7.2.1/../../../../arm-none-eabi/lib/thumb/v7e-m/fpv5/hard/libm.a(lib_a-sf_pow.o)
                0x000000000801c708                powf
 .text.sinf     0x000000000801c9ec       0x94 /Users/sanyv/code/AC6/SystemWorkbench.app/Contents/Eclipse/plugins/fr.ac6.mcu.externaltools.arm-none.macos64_1.16.0.201807130628/tools/compiler/bin/../lib/gcc/arm-none-eabi/7.2.1/../../../../arm-none-eabi/lib/thumb/v7e-m/fpv5/hard/libm.a(lib_a-sf_sin.o)
                0x000000000801c9ec                sinf
 .text.pow      0x000000000801ca80      0x2a8 /Users/sanyv/code/AC6/SystemWorkbench.app/Contents/Eclipse/plugins/fr.ac6.mcu.externaltools.arm-none.macos64_1.16.0.201807130628/tools/compiler/bin/../lib/gcc/arm-none-eabi/7.2.1/../../../../arm-none-eabi/lib/thumb/v7e-m/fpv5/hard/libm.a(lib_a-w_pow.o)
                0x000000000801ca80                pow
 .text.asinf    0x000000000801cd28       0xa8 /Users/sanyv/code/AC6/SystemWorkbench.app/Contents/Eclipse/plugins/fr.ac6.mcu.externaltools.arm-none.macos64_1.16.0.201807130628/tools/compiler/bin/../lib/gcc/arm-none-eabi/7.2.1/../../../../arm-none-eabi/lib/thumb/v7e-m/fpv5/hard/libm.a(lib_a-wf_asin.o)
                0x000000000801cd28                asinf
 .text.atan2f   0x000000000801cdd0        0x4 /Users/sanyv/code/AC6/SystemWorkbench.app/Contents/Eclipse/plugins/fr.ac6.mcu.externaltools.arm-none.macos64_1.16.0.201807130628/tools/compiler/bin/../lib/gcc/arm-none-eabi/7.2.1/../../../../arm-none-eabi/lib/thumb/v7e-m/fpv5/hard/libm.a(lib_a-wf_atan2.o)
                0x000000000801cdd0                atan2f
 *fill*         0x000000000801cdd4        0x4 
 .text.sqrtf    0x000000000801cdd8       0xb0 /Users/sanyv/code/AC6/SystemWorkbench.app/Contents/Eclipse/plugins/fr.ac6.mcu.externaltools.arm-none.macos64_1.16.0.201807130628/tools/compiler/bin/../lib/gcc/arm-none-eabi/7.2.1/../../../../arm-none-eabi/lib/thumb/v7e-m/fpv5/hard/libm.a(lib_a-wf_sqrt.o)
                0x000000000801cdd8                sqrtf
 .text.__ieee754_pow
                0x000000000801ce88      0x774 /Users/sanyv/code/AC6/SystemWorkbench.app/Contents/Eclipse/plugins/fr.ac6.mcu.externaltools.arm-none.macos64_1.16.0.201807130628/tools/compiler/bin/../lib/gcc/arm-none-eabi/7.2.1/../../../../arm-none-eabi/lib/thumb/v7e-m/fpv5/hard/libm.a(lib_a-e_pow.o)
                0x000000000801ce88                __ieee754_pow
 .text.__ieee754_sqrt
                0x000000000801d5fc        0x8 /Users/sanyv/code/AC6/SystemWorkbench.app/Contents/Eclipse/plugins/fr.ac6.mcu.externaltools.arm-none.macos64_1.16.0.201807130628/tools/compiler/bin/../lib/gcc/arm-none-eabi/7.2.1/../../../../arm-none-eabi/lib/thumb/v7e-m/fpv5/hard/libm.a(lib_a-e_sqrt.o)
                0x000000000801d5fc                __ieee754_sqrt
 .text.__ieee754_asinf
                0x000000000801d604      0x1f4 /Users/sanyv/code/AC6/SystemWorkbench.app/Contents/Eclipse/plugins/fr.ac6.mcu.externaltools.arm-none.macos64_1.16.0.201807130628/tools/compiler/bin/../lib/gcc/arm-none-eabi/7.2.1/../../../../arm-none-eabi/lib/thumb/v7e-m/fpv5/hard/libm.a(lib_a-ef_asin.o)
                0x000000000801d604                __ieee754_asinf
 .text.__ieee754_atan2f
                0x000000000801d7f8      0x170 /Users/sanyv/code/AC6/SystemWorkbench.app/Contents/Eclipse/plugins/fr.ac6.mcu.externaltools.arm-none.macos64_1.16.0.201807130628/tools/compiler/bin/../lib/gcc/arm-none-eabi/7.2.1/../../../../arm-none-eabi/lib/thumb/v7e-m/fpv5/hard/libm.a(lib_a-ef_atan2.o)
                0x000000000801d7f8                __ieee754_atan2f
 .text.__ieee754_rem_pio2f
                0x000000000801d968      0x298 /Users/sanyv/code/AC6/SystemWorkbench.app/Contents/Eclipse/plugins/fr.ac6.mcu.externaltools.arm-none.macos64_1.16.0.201807130628/tools/compiler/bin/../lib/gcc/arm-none-eabi/7.2.1/../../../../arm-none-eabi/lib/thumb/v7e-m/fpv5/hard/libm.a(lib_a-ef_rem_pio2.o)
                0x000000000801d968                __ieee754_rem_pio2f
 .text.__ieee754_sqrtf
                0x000000000801dc00        0x8 /Users/sanyv/code/AC6/SystemWorkbench.app/Contents/Eclipse/plugins/fr.ac6.mcu.externaltools.arm-none.macos64_1.16.0.201807130628/tools/compiler/bin/../lib/gcc/arm-none-eabi/7.2.1/../../../../arm-none-eabi/lib/thumb/v7e-m/fpv5/hard/libm.a(lib_a-ef_sqrt.o)
                0x000000000801dc00                __ieee754_sqrtf
 .text.__kernel_cosf
                0x000000000801dc08      0x104 /Users/sanyv/code/AC6/SystemWorkbench.app/Contents/Eclipse/plugins/fr.ac6.mcu.externaltools.arm-none.macos64_1.16.0.201807130628/tools/compiler/bin/../lib/gcc/arm-none-eabi/7.2.1/../../../../arm-none-eabi/lib/thumb/v7e-m/fpv5/hard/libm.a(lib_a-kf_cos.o)
                0x000000000801dc08                __kernel_cosf
 .text.__kernel_rem_pio2f
                0x000000000801dd0c      0x650 /Users/sanyv/code/AC6/SystemWorkbench.app/Contents/Eclipse/plugins/fr.ac6.mcu.externaltools.arm-none.macos64_1.16.0.201807130628/tools/compiler/bin/../lib/gcc/arm-none-eabi/7.2.1/../../../../arm-none-eabi/lib/thumb/v7e-m/fpv5/hard/libm.a(lib_a-kf_rem_pio2.o)
                0x000000000801dd0c                __kernel_rem_pio2f
 .text.__kernel_sinf
                0x000000000801e35c       0x90 /Users/sanyv/code/AC6/SystemWorkbench.app/Contents/Eclipse/plugins/fr.ac6.mcu.externaltools.arm-none.macos64_1.16.0.201807130628/tools/compiler/bin/../lib/gcc/arm-none-eabi/7.2.1/../../../../arm-none-eabi/lib/thumb/v7e-m/fpv5/hard/libm.a(lib_a-kf_sin.o)
                0x000000000801e35c                __kernel_sinf
 .text.with_errnof
                0x000000000801e3ec       0x1c /Users/sanyv/code/AC6/SystemWorkbench.app/Contents/Eclipse/plugins/fr.ac6.mcu.externaltools.arm-none.macos64_1.16.0.201807130628/tools/compiler/bin/../lib/gcc/arm-none-eabi/7.2.1/../../../../arm-none-eabi/lib/thumb/v7e-m/fpv5/hard/libm.a(lib_a-math_errf.o)
 .text.xflowf   0x000000000801e408       0x20 /Users/sanyv/code/AC6/SystemWorkbench.app/Contents/Eclipse/plugins/fr.ac6.mcu.externaltools.arm-none.macos64_1.16.0.201807130628/tools/compiler/bin/../lib/gcc/arm-none-eabi/7.2.1/../../../../arm-none-eabi/lib/thumb/v7e-m/fpv5/hard/libm.a(lib_a-math_errf.o)
 .text.__math_uflowf
                0x000000000801e428        0xc /Users/sanyv/code/AC6/SystemWorkbench.app/Contents/Eclipse/plugins/fr.ac6.mcu.externaltools.arm-none.macos64_1.16.0.201807130628/tools/compiler/bin/../lib/gcc/arm-none-eabi/7.2.1/../../../../arm-none-eabi/lib/thumb/v7e-m/fpv5/hard/libm.a(lib_a-math_errf.o)
                0x000000000801e428                __math_uflowf
 .text.__math_may_uflowf
                0x000000000801e434        0xc /Users/sanyv/code/AC6/SystemWorkbench.app/Contents/Eclipse/plugins/fr.ac6.mcu.externaltools.arm-none.macos64_1.16.0.201807130628/tools/compiler/bin/../lib/gcc/arm-none-eabi/7.2.1/../../../../arm-none-eabi/lib/thumb/v7e-m/fpv5/hard/libm.a(lib_a-math_errf.o)
                0x000000000801e434                __math_may_uflowf
 .text.__math_oflowf
                0x000000000801e440        0xc /Users/sanyv/code/AC6/SystemWorkbench.app/Contents/Eclipse/plugins/fr.ac6.mcu.externaltools.arm-none.macos64_1.16.0.201807130628/tools/compiler/bin/../lib/gcc/arm-none-eabi/7.2.1/../../../../arm-none-eabi/lib/thumb/v7e-m/fpv5/hard/libm.a(lib_a-math_errf.o)
                0x000000000801e440                __math_oflowf
 .text.__math_divzerof
                0x000000000801e44c       0x24 /Users/sanyv/code/AC6/SystemWorkbench.app/Contents/Eclipse/plugins/fr.ac6.mcu.externaltools.arm-none.macos64_1.16.0.201807130628/tools/compiler/bin/../lib/gcc/arm-none-eabi/7.2.1/../../../../arm-none-eabi/lib/thumb/v7e-m/fpv5/hard/libm.a(lib_a-math_errf.o)
                0x000000000801e44c                __math_divzerof
 .text.__math_invalidf
                0x000000000801e470       0x20 /Users/sanyv/code/AC6/SystemWorkbench.app/Contents/Eclipse/plugins/fr.ac6.mcu.externaltools.arm-none.macos64_1.16.0.201807130628/tools/compiler/bin/../lib/gcc/arm-none-eabi/7.2.1/../../../../arm-none-eabi/lib/thumb/v7e-m/fpv5/hard/libm.a(lib_a-math_errf.o)
                0x000000000801e470                __math_invalidf
 .text.fabs     0x000000000801e490       0x14 /Users/sanyv/code/AC6/SystemWorkbench.app/Contents/Eclipse/plugins/fr.ac6.mcu.externaltools.arm-none.macos64_1.16.0.201807130628/tools/compiler/bin/../lib/gcc/arm-none-eabi/7.2.1/../../../../arm-none-eabi/lib/thumb/v7e-m/fpv5/hard/libm.a(lib_a-s_fabs.o)
                0x000000000801e490                fabs
 .text.finite   0x000000000801e4a4       0x10 /Users/sanyv/code/AC6/SystemWorkbench.app/Contents/Eclipse/plugins/fr.ac6.mcu.externaltools.arm-none.macos64_1.16.0.201807130628/tools/compiler/bin/../lib/gcc/arm-none-eabi/7.2.1/../../../../arm-none-eabi/lib/thumb/v7e-m/fpv5/hard/libm.a(lib_a-s_finite.o)
                0x000000000801e4a4                finite
 .text.matherr  0x000000000801e4b4        0x4 /Users/sanyv/code/AC6/SystemWorkbench.app/Contents/Eclipse/plugins/fr.ac6.mcu.externaltools.arm-none.macos64_1.16.0.201807130628/tools/compiler/bin/../lib/gcc/arm-none-eabi/7.2.1/../../../../arm-none-eabi/lib/thumb/v7e-m/fpv5/hard/libm.a(lib_a-s_matherr.o)
                0x000000000801e4b4                matherr
 .text.nan      0x000000000801e4b8       0x10 /Users/sanyv/code/AC6/SystemWorkbench.app/Contents/Eclipse/plugins/fr.ac6.mcu.externaltools.arm-none.macos64_1.16.0.201807130628/tools/compiler/bin/../lib/gcc/arm-none-eabi/7.2.1/../../../../arm-none-eabi/lib/thumb/v7e-m/fpv5/hard/libm.a(lib_a-s_nan.o)
                0x000000000801e4b8                nan
 .text.rint     0x000000000801e4c8      0x120 /Users/sanyv/code/AC6/SystemWorkbench.app/Contents/Eclipse/plugins/fr.ac6.mcu.externaltools.arm-none.macos64_1.16.0.201807130628/tools/compiler/bin/../lib/gcc/arm-none-eabi/7.2.1/../../../../arm-none-eabi/lib/thumb/v7e-m/fpv5/hard/libm.a(lib_a-s_rint.o)
                0x000000000801e4c8                rint
 .text.scalbn   0x000000000801e5e8      0x124 /Users/sanyv/code/AC6/SystemWorkbench.app/Contents/Eclipse/plugins/fr.ac6.mcu.externaltools.arm-none.macos64_1.16.0.201807130628/tools/compiler/bin/../lib/gcc/arm-none-eabi/7.2.1/../../../../arm-none-eabi/lib/thumb/v7e-m/fpv5/hard/libm.a(lib_a-s_scalbn.o)
                0x000000000801e5e8                scalbn
 .text.atanf    0x000000000801e70c      0x1a4 /Users/sanyv/code/AC6/SystemWorkbench.app/Contents/Eclipse/plugins/fr.ac6.mcu.externaltools.arm-none.macos64_1.16.0.201807130628/tools/compiler/bin/../lib/gcc/arm-none-eabi/7.2.1/../../../../arm-none-eabi/lib/thumb/v7e-m/fpv5/hard/libm.a(lib_a-sf_atan.o)
                0x000000000801e70c                atanf
 .text.fabsf    0x000000000801e8b0       0x10 /Users/sanyv/code/AC6/SystemWorkbench.app/Contents/Eclipse/plugins/fr.ac6.mcu.externaltools.arm-none.macos64_1.16.0.201807130628/tools/compiler/bin/../lib/gcc/arm-none-eabi/7.2.1/../../../../arm-none-eabi/lib/thumb/v7e-m/fpv5/hard/libm.a(lib_a-sf_fabs.o)
                0x000000000801e8b0                fabsf
 .text.floorf   0x000000000801e8c0       0x8c /Users/sanyv/code/AC6/SystemWorkbench.app/Contents/Eclipse/plugins/fr.ac6.mcu.externaltools.arm-none.macos64_1.16.0.201807130628/tools/compiler/bin/../lib/gcc/arm-none-eabi/7.2.1/../../../../arm-none-eabi/lib/thumb/v7e-m/fpv5/hard/libm.a(lib_a-sf_floor.o)
                0x000000000801e8c0                floorf
 .text.scalbnf  0x000000000801e94c       0xd0 /Users/sanyv/code/AC6/SystemWorkbench.app/Contents/Eclipse/plugins/fr.ac6.mcu.externaltools.arm-none.macos64_1.16.0.201807130628/tools/compiler/bin/../lib/gcc/arm-none-eabi/7.2.1/../../../../arm-none-eabi/lib/thumb/v7e-m/fpv5/hard/libm.a(lib_a-sf_scalbn.o)
                0x000000000801e94c                scalbnf
 .text.copysign
                0x000000000801ea1c       0x1c /Users/sanyv/code/AC6/SystemWorkbench.app/Contents/Eclipse/plugins/fr.ac6.mcu.externaltools.arm-none.macos64_1.16.0.201807130628/tools/compiler/bin/../lib/gcc/arm-none-eabi/7.2.1/../../../../arm-none-eabi/lib/thumb/v7e-m/fpv5/hard/libm.a(lib_a-s_copysign.o)
                0x000000000801ea1c                copysign
 .text.copysignf
                0x000000000801ea38       0x18 /Users/sanyv/code/AC6/SystemWorkbench.app/Contents/Eclipse/plugins/fr.ac6.mcu.externaltools.arm-none.macos64_1.16.0.201807130628/tools/compiler/bin/../lib/gcc/arm-none-eabi/7.2.1/../../../../arm-none-eabi/lib/thumb/v7e-m/fpv5/hard/libm.a(lib_a-sf_copysign.o)
                0x000000000801ea38                copysignf
 .text.__errno  0x000000000801ea50        0xc /Users/sanyv/code/AC6/SystemWorkbench.app/Contents/Eclipse/plugins/fr.ac6.mcu.externaltools.arm-none.macos64_1.16.0.201807130628/tools/compiler/bin/../lib/gcc/arm-none-eabi/7.2.1/../../../../arm-none-eabi/lib/thumb/v7e-m/fpv5/hard/libc.a(lib_a-errno.o)
                0x000000000801ea50                __errno
 .text.__libc_init_array
                0x000000000801ea5c       0x48 /Users/sanyv/code/AC6/SystemWorkbench.app/Contents/Eclipse/plugins/fr.ac6.mcu.externaltools.arm-none.macos64_1.16.0.201807130628/tools/compiler/bin/../lib/gcc/arm-none-eabi/7.2.1/../../../../arm-none-eabi/lib/thumb/v7e-m/fpv5/hard/libc.a(lib_a-init.o)
                0x000000000801ea5c                __libc_init_array
 .text.malloc   0x000000000801eaa4       0x10 /Users/sanyv/code/AC6/SystemWorkbench.app/Contents/Eclipse/plugins/fr.ac6.mcu.externaltools.arm-none.macos64_1.16.0.201807130628/tools/compiler/bin/../lib/gcc/arm-none-eabi/7.2.1/../../../../arm-none-eabi/lib/thumb/v7e-m/fpv5/hard/libc.a(lib_a-malloc.o)
                0x000000000801eaa4                malloc
 .text.free     0x000000000801eab4       0x10 /Users/sanyv/code/AC6/SystemWorkbench.app/Contents/Eclipse/plugins/fr.ac6.mcu.externaltools.arm-none.macos64_1.16.0.201807130628/tools/compiler/bin/../lib/gcc/arm-none-eabi/7.2.1/../../../../arm-none-eabi/lib/thumb/v7e-m/fpv5/hard/libc.a(lib_a-malloc.o)
                0x000000000801eab4                free
 .text._malloc_r
                0x000000000801eac4      0x548 /Users/sanyv/code/AC6/SystemWorkbench.app/Contents/Eclipse/plugins/fr.ac6.mcu.externaltools.arm-none.macos64_1.16.0.201807130628/tools/compiler/bin/../lib/gcc/arm-none-eabi/7.2.1/../../../../arm-none-eabi/lib/thumb/v7e-m/fpv5/hard/libc.a(lib_a-mallocr.o)
                0x000000000801eac4                _malloc_r
 .text.memset   0x000000000801f00c       0x94 /Users/sanyv/code/AC6/SystemWorkbench.app/Contents/Eclipse/plugins/fr.ac6.mcu.externaltools.arm-none.macos64_1.16.0.201807130628/tools/compiler/bin/../lib/gcc/arm-none-eabi/7.2.1/../../../../arm-none-eabi/lib/thumb/v7e-m/fpv5/hard/libc.a(lib_a-memset.o)
                0x000000000801f00c                memset
 .text.__malloc_lock
                0x000000000801f0a0        0xc /Users/sanyv/code/AC6/SystemWorkbench.app/Contents/Eclipse/plugins/fr.ac6.mcu.externaltools.arm-none.macos64_1.16.0.201807130628/tools/compiler/bin/../lib/gcc/arm-none-eabi/7.2.1/../../../../arm-none-eabi/lib/thumb/v7e-m/fpv5/hard/libc.a(lib_a-mlock.o)
                0x000000000801f0a0                __malloc_lock
 .text.__malloc_unlock
                0x000000000801f0ac        0xc /Users/sanyv/code/AC6/SystemWorkbench.app/Contents/Eclipse/plugins/fr.ac6.mcu.externaltools.arm-none.macos64_1.16.0.201807130628/tools/compiler/bin/../lib/gcc/arm-none-eabi/7.2.1/../../../../arm-none-eabi/lib/thumb/v7e-m/fpv5/hard/libc.a(lib_a-mlock.o)
                0x000000000801f0ac                __malloc_unlock
 .text._sbrk_r  0x000000000801f0b8       0x24 /Users/sanyv/code/AC6/SystemWorkbench.app/Contents/Eclipse/plugins/fr.ac6.mcu.externaltools.arm-none.macos64_1.16.0.201807130628/tools/compiler/bin/../lib/gcc/arm-none-eabi/7.2.1/../../../../arm-none-eabi/lib/thumb/v7e-m/fpv5/hard/libc.a(lib_a-sbrkr.o)
                0x000000000801f0b8                _sbrk_r
 .text._vsnprintf_r
                0x000000000801f0dc       0x70 /Users/sanyv/code/AC6/SystemWorkbench.app/Contents/Eclipse/plugins/fr.ac6.mcu.externaltools.arm-none.macos64_1.16.0.201807130628/tools/compiler/bin/../lib/gcc/arm-none-eabi/7.2.1/../../../../arm-none-eabi/lib/thumb/v7e-m/fpv5/hard/libc.a(lib_a-vsnprintf.o)
                0x000000000801f0dc                _vsnprintf_r
 .text.vsnprintf
                0x000000000801f14c       0x20 /Users/sanyv/code/AC6/SystemWorkbench.app/Contents/Eclipse/plugins/fr.ac6.mcu.externaltools.arm-none.macos64_1.16.0.201807130628/tools/compiler/bin/../lib/gcc/arm-none-eabi/7.2.1/../../../../arm-none-eabi/lib/thumb/v7e-m/fpv5/hard/libc.a(lib_a-vsnprintf.o)
                0x000000000801f14c                vsnprintf
 .text.startup.register_fini
                0x000000000801f16c       0x14 /Users/sanyv/code/AC6/SystemWorkbench.app/Contents/Eclipse/plugins/fr.ac6.mcu.externaltools.arm-none.macos64_1.16.0.201807130628/tools/compiler/bin/../lib/gcc/arm-none-eabi/7.2.1/../../../../arm-none-eabi/lib/thumb/v7e-m/fpv5/hard/libc.a(lib_a-__call_atexit.o)
 .text.atexit   0x000000000801f180        0xc /Users/sanyv/code/AC6/SystemWorkbench.app/Contents/Eclipse/plugins/fr.ac6.mcu.externaltools.arm-none.macos64_1.16.0.201807130628/tools/compiler/bin/../lib/gcc/arm-none-eabi/7.2.1/../../../../arm-none-eabi/lib/thumb/v7e-m/fpv5/hard/libc.a(lib_a-atexit.o)
                0x000000000801f180                atexit
 .text.__libc_fini_array
                0x000000000801f18c       0x34 /Users/sanyv/code/AC6/SystemWorkbench.app/Contents/Eclipse/plugins/fr.ac6.mcu.externaltools.arm-none.macos64_1.16.0.201807130628/tools/compiler/bin/../lib/gcc/arm-none-eabi/7.2.1/../../../../arm-none-eabi/lib/thumb/v7e-m/fpv5/hard/libc.a(lib_a-fini.o)
                0x000000000801f18c                __libc_fini_array
 .text._malloc_trim_r
                0x000000000801f1c0       0xa0 /Users/sanyv/code/AC6/SystemWorkbench.app/Contents/Eclipse/plugins/fr.ac6.mcu.externaltools.arm-none.macos64_1.16.0.201807130628/tools/compiler/bin/../lib/gcc/arm-none-eabi/7.2.1/../../../../arm-none-eabi/lib/thumb/v7e-m/fpv5/hard/libc.a(lib_a-freer.o)
                0x000000000801f1c0                _malloc_trim_r